Archive member included to satisfy reference by file (symbol)

/home/wiffel/dev/hardware/stm32/libopencm3-examples/libopencm3/lib/libopencm3_stm32f1.a(gpio.o)
                              main.o (gpio_set_mode)
/home/wiffel/dev/hardware/stm32/libopencm3-examples/libopencm3/lib/libopencm3_stm32f1.a(gpio_common_all.o)
                              main.o (gpio_set)
/home/wiffel/dev/hardware/stm32/libopencm3-examples/libopencm3/lib/libopencm3_stm32f1.a(i2c_common_v1.o)
                              main.o (i2c_reset)
/home/wiffel/dev/hardware/stm32/libopencm3-examples/libopencm3/lib/libopencm3_stm32f1.a(timer_common_all.o)
                              main.o (timer_enable_irq)
/home/wiffel/dev/hardware/stm32/libopencm3-examples/libopencm3/lib/libopencm3_stm32f1.a(rcc_common_all.o)
                              main.o (rcc_periph_clock_enable)
/home/wiffel/dev/hardware/stm32/libopencm3-examples/libopencm3/lib/libopencm3_stm32f1.a(vector.o)
                              (reset_handler)
/home/wiffel/dev/hardware/stm32/libopencm3-examples/libopencm3/lib/libopencm3_stm32f1.a(nvic.o)
                              main.o (nvic_enable_irq)
/home/wiffel/bin/gcc-arm-none-eabi/bin/../lib/gcc/arm-none-eabi/7.2.1/../../../../arm-none-eabi/lib/thumb/v7-m/libc.a(lib_a-aeabi_memclr.o)
                              main.o (__aeabi_memclr)
/home/wiffel/bin/gcc-arm-none-eabi/bin/../lib/gcc/arm-none-eabi/7.2.1/../../../../arm-none-eabi/lib/thumb/v7-m/libc.a(lib_a-aeabi_memset.o)
                              /home/wiffel/bin/gcc-arm-none-eabi/bin/../lib/gcc/arm-none-eabi/7.2.1/../../../../arm-none-eabi/lib/thumb/v7-m/libc.a(lib_a-aeabi_memclr.o) (__aeabi_memset)
/home/wiffel/bin/gcc-arm-none-eabi/bin/../lib/gcc/arm-none-eabi/7.2.1/../../../../arm-none-eabi/lib/thumb/v7-m/libc.a(lib_a-malloc.o)
                              main.o (malloc)
/home/wiffel/bin/gcc-arm-none-eabi/bin/../lib/gcc/arm-none-eabi/7.2.1/../../../../arm-none-eabi/lib/thumb/v7-m/libc.a(lib_a-mallocr.o)
                              /home/wiffel/bin/gcc-arm-none-eabi/bin/../lib/gcc/arm-none-eabi/7.2.1/../../../../arm-none-eabi/lib/thumb/v7-m/libc.a(lib_a-malloc.o) (_malloc_r)
/home/wiffel/bin/gcc-arm-none-eabi/bin/../lib/gcc/arm-none-eabi/7.2.1/../../../../arm-none-eabi/lib/thumb/v7-m/libc.a(lib_a-memset.o)
                              /home/wiffel/bin/gcc-arm-none-eabi/bin/../lib/gcc/arm-none-eabi/7.2.1/../../../../arm-none-eabi/lib/thumb/v7-m/libc.a(lib_a-aeabi_memset.o) (memset)
/home/wiffel/bin/gcc-arm-none-eabi/bin/../lib/gcc/arm-none-eabi/7.2.1/../../../../arm-none-eabi/lib/thumb/v7-m/libc.a(lib_a-mlock.o)
                              /home/wiffel/bin/gcc-arm-none-eabi/bin/../lib/gcc/arm-none-eabi/7.2.1/../../../../arm-none-eabi/lib/thumb/v7-m/libc.a(lib_a-mallocr.o) (__malloc_lock)
/home/wiffel/bin/gcc-arm-none-eabi/bin/../lib/gcc/arm-none-eabi/7.2.1/../../../../arm-none-eabi/lib/thumb/v7-m/libc.a(lib_a-sbrkr.o)
                              /home/wiffel/bin/gcc-arm-none-eabi/bin/../lib/gcc/arm-none-eabi/7.2.1/../../../../arm-none-eabi/lib/thumb/v7-m/libc.a(lib_a-mallocr.o) (_sbrk_r)
/home/wiffel/bin/gcc-arm-none-eabi/bin/../lib/gcc/arm-none-eabi/7.2.1/../../../../arm-none-eabi/lib/thumb/v7-m/libc.a(lib_a-freer.o)
                              /home/wiffel/bin/gcc-arm-none-eabi/bin/../lib/gcc/arm-none-eabi/7.2.1/../../../../arm-none-eabi/lib/thumb/v7-m/libc.a(lib_a-malloc.o) (_free_r)
/home/wiffel/bin/gcc-arm-none-eabi/bin/../lib/gcc/arm-none-eabi/7.2.1/../../../../arm-none-eabi/lib/thumb/v7-m/libc.a(lib_a-impure.o)
                              /home/wiffel/bin/gcc-arm-none-eabi/bin/../lib/gcc/arm-none-eabi/7.2.1/../../../../arm-none-eabi/lib/thumb/v7-m/libc.a(lib_a-malloc.o) (_impure_ptr)
/home/wiffel/bin/gcc-arm-none-eabi/bin/../lib/gcc/arm-none-eabi/7.2.1/../../../../arm-none-eabi/lib/thumb/v7-m/libc.a(lib_a-lock.o)
                              /home/wiffel/bin/gcc-arm-none-eabi/bin/../lib/gcc/arm-none-eabi/7.2.1/../../../../arm-none-eabi/lib/thumb/v7-m/libc.a(lib_a-mlock.o) (__retarget_lock_acquire_recursive)
/home/wiffel/bin/gcc-arm-none-eabi/bin/../lib/gcc/arm-none-eabi/7.2.1/../../../../arm-none-eabi/lib/thumb/v7-m/libc.a(lib_a-reent.o)
                              /home/wiffel/bin/gcc-arm-none-eabi/bin/../lib/gcc/arm-none-eabi/7.2.1/../../../../arm-none-eabi/lib/thumb/v7-m/libc.a(lib_a-sbrkr.o) (errno)
/home/wiffel/bin/gcc-arm-none-eabi/bin/../lib/gcc/arm-none-eabi/7.2.1/thumb/v7-m/libgcc.a(unwind-arm.o)
                              main.o (__aeabi_unwind_cpp_pr0)
/home/wiffel/bin/gcc-arm-none-eabi/bin/../lib/gcc/arm-none-eabi/7.2.1/thumb/v7-m/libgcc.a(libunwind.o)
                              /home/wiffel/bin/gcc-arm-none-eabi/bin/../lib/gcc/arm-none-eabi/7.2.1/thumb/v7-m/libgcc.a(unwind-arm.o) (restore_core_regs)
/home/wiffel/bin/gcc-arm-none-eabi/bin/../lib/gcc/arm-none-eabi/7.2.1/thumb/v7-m/libgcc.a(pr-support.o)
[...]
Memory Configuration

Name             Origin             Length             Attributes
rom              0x0000000008000000 0x0000000000020000 xr
ram              0x0000000020000000 0x0000000000005000 xrw
*default*        0x0000000000000000 0xffffffffffffffff

Linker script and memory map

LOAD main.o
LOAD api.o
LOAD /home/wiffel/dev/hardware/stm32/libopencm3-examples/libopencm3/lib/libopencm3_stm32f1.a
START GROUP
LOAD /home/wiffel/bin/gcc-arm-none-eabi/bin/../lib/gcc/arm-none-eabi/7.2.1/../../../../arm-none-eabi/lib/thumb/v7-m/libc.a
LOAD /home/wiffel/bin/gcc-arm-none-eabi/bin/../lib/gcc/arm-none-eabi/7.2.1/thumb/v7-m/libgcc.a
LOAD /home/wiffel/bin/gcc-arm-none-eabi/bin/../lib/gcc/arm-none-eabi/7.2.1/../../../../arm-none-eabi/lib/thumb/v7-m/libnosys.a
END GROUP
START GROUP
LOAD /home/wiffel/bin/gcc-arm-none-eabi/bin/../lib/gcc/arm-none-eabi/7.2.1/thumb/v7-m/libgcc.a
LOAD /home/wiffel/bin/gcc-arm-none-eabi/bin/../lib/gcc/arm-none-eabi/7.2.1/../../../../arm-none-eabi/lib/thumb/v7-m/libc.a
END GROUP

.text           0x0000000008000000     0x2a24
 *(.vectors)
 .vectors       0x0000000008000000      0x150 /home/wiffel/dev/hardware/stm32/libopencm3-examples/libopencm3/lib/libopencm3_stm32f1.a(vector.o)
                0x0000000008000000                vector_table
 *(.text*)
 .text.main     0x0000000008000150      0x24e main.o
                0x0000000008000150                main
 .text._D4main7SSD13066__ctorMFNciikhktiZSQBhQBf
                0x000000000800039e      0x2c6 main.o
                0x000000000800039e                _D4main7SSD13066__ctorMFNciikhktiZSQBhQBf
 .text._D4main4testFKSQn7SSD1306Zv
                0x0000000008000664      0x104 main.o
                0x0000000008000664                _D4main4testFKSQn7SSD1306Zv
 .text._D4main8waveTestFKSQr2IOiZv
                0x0000000008000768      0x1bc main.o
                0x0000000008000768                _D4main8waveTestFKSQr2IOiZv
 .text._D4main4testFKSQn7SSD1306Z7drawingMFiZv
                0x0000000008000924      0x34e main.o
                0x0000000008000924                _D4main4testFKSQn7SSD1306Z7drawingMFiZv
 .text._D4main7SSD13067refreshMFZv
                0x0000000008000c72       0xc8 main.o
                0x0000000008000c72                _D4main7SSD13067refreshMFZv
 .text.tim2_isr
                0x0000000008000d3a       0x2e main.o
                0x0000000008000d3a                tim2_isr
 .text.gpio_set_mode
                0x0000000008000d68       0x62 /home/wiffel/dev/hardware/stm32/libopencm3-examples/libopencm3/lib/libopencm3_stm32f1.a(gpio.o)
                0x0000000008000d68                gpio_set_mode
 .text.gpio_set
                0x0000000008000dca        0x4 /home/wiffel/dev/hardware/stm32/libopencm3-examples/libopencm3/lib/libopencm3_stm32f1.a(gpio_common_all.o)
                0x0000000008000dca                gpio_set
 .text.gpio_clear
                0x0000000008000dce        0x6 /home/wiffel/dev/hardware/stm32/libopencm3-examples/libopencm3/lib/libopencm3_stm32f1.a(gpio_common_all.o)
                0x0000000008000dce                gpio_clear
 .text.i2c_reset
                0x0000000008000dd4       0x24 /home/wiffel/dev/hardware/stm32/libopencm3-examples/libopencm3/lib/libopencm3_stm32f1.a(i2c_common_v1.o)
                0x0000000008000dd4                i2c_reset
 .text.i2c_peripheral_enable
                0x0000000008000df8        0xa /home/wiffel/dev/hardware/stm32/libopencm3-examples/libopencm3/lib/libopencm3_stm32f1.a(i2c_common_v1.o)
                0x0000000008000df8                i2c_peripheral_enable
 .text.i2c_peripheral_disable
                0x0000000008000e02        0xa /home/wiffel/dev/hardware/stm32/libopencm3-examples/libopencm3/lib/libopencm3_stm32f1.a(i2c_common_v1.o)
                0x0000000008000e02                i2c_peripheral_disable
 .text.i2c_send_start
                0x0000000008000e0c        0xa /home/wiffel/dev/hardware/stm32/libopencm3-examples/libopencm3/lib/libopencm3_stm32f1.a(i2c_common_v1.o)
                0x0000000008000e0c                i2c_send_start
 .text.i2c_send_stop
                0x0000000008000e16        0xa /home/wiffel/dev/hardware/stm32/libopencm3-examples/libopencm3/lib/libopencm3_stm32f1.a(i2c_common_v1.o)
                0x0000000008000e16                i2c_send_stop
 .text.i2c_set_clock_frequency
                0x0000000008000e20        0xe /home/wiffel/dev/hardware/stm32/libopencm3-examples/libopencm3/lib/libopencm3_stm32f1.a(i2c_common_v1.o)
                0x0000000008000e20                i2c_set_clock_frequency
 .text.i2c_set_fast_mode
                0x0000000008000e2e        0xa /home/wiffel/dev/hardware/stm32/libopencm3-examples/libopencm3/lib/libopencm3_stm32f1.a(i2c_common_v1.o)
                0x0000000008000e2e                i2c_set_fast_mode
 .text.i2c_set_standard_mode
                0x0000000008000e38        0xa /home/wiffel/dev/hardware/stm32/libopencm3-examples/libopencm3/lib/libopencm3_stm32f1.a(i2c_common_v1.o)
                0x0000000008000e38                i2c_set_standard_mode
 .text.i2c_set_ccr
                0x0000000008000e42        0xc /home/wiffel/dev/hardware/stm32/libopencm3-examples/libopencm3/lib/libopencm3_stm32f1.a(i2c_common_v1.o)
                0x0000000008000e42                i2c_set_ccr
 .text.i2c_enable_ack
                0x0000000008000e4e        0xa /home/wiffel/dev/hardware/stm32/libopencm3-examples/libopencm3/lib/libopencm3_stm32f1.a(i2c_common_v1.o)
                0x0000000008000e4e                i2c_enable_ack
 .text.i2c_disable_ack
                0x0000000008000e58        0xa /home/wiffel/dev/hardware/stm32/libopencm3-examples/libopencm3/lib/libopencm3_stm32f1.a(i2c_common_v1.o)
                0x0000000008000e58                i2c_disable_ack
 .text.i2c_transfer7
                0x0000000008000e62       0xba /home/wiffel/dev/hardware/stm32/libopencm3-examples/libopencm3/lib/libopencm3_stm32f1.a(i2c_common_v1.o)
                0x0000000008000e62                i2c_transfer7
 .text.i2c_set_speed
                0x0000000008000f1c       0x3a /home/wiffel/dev/hardware/stm32/libopencm3-examples/libopencm3/lib/libopencm3_stm32f1.a(i2c_common_v1.o)
                0x0000000008000f1c                i2c_set_speed
 .text.timer_enable_irq
                0x0000000008000f56        0x8 /home/wiffel/dev/hardware/stm32/libopencm3-examples/libopencm3/lib/libopencm3_stm32f1.a(timer_common_all.o)
                0x0000000008000f56                timer_enable_irq
 .text.timer_get_flag
                0x0000000008000f5e        0xc /home/wiffel/dev/hardware/stm32/libopencm3-examples/libopencm3/lib/libopencm3_stm32f1.a(timer_common_all.o)
                0x0000000008000f5e                timer_get_flag
 .text.timer_clear_flag
                0x0000000008000f6a        0x6 /home/wiffel/dev/hardware/stm32/libopencm3-examples/libopencm3/lib/libopencm3_stm32f1.a(timer_common_all.o)
                0x0000000008000f6a                timer_clear_flag
 .text.timer_disable_preload
                0x0000000008000f70        0xa /home/wiffel/dev/hardware/stm32/libopencm3-examples/libopencm3/lib/libopencm3_stm32f1.a(timer_common_all.o)
                0x0000000008000f70                timer_disable_preload
 .text.timer_one_shot_mode
                0x0000000008000f7a        0xa /home/wiffel/dev/hardware/stm32/libopencm3-examples/libopencm3/lib/libopencm3_stm32f1.a(timer_common_all.o)
                0x0000000008000f7a                timer_one_shot_mode
 .text.timer_enable_counter
                0x0000000008000f84        0xa /home/wiffel/dev/hardware/stm32/libopencm3-examples/libopencm3/lib/libopencm3_stm32f1.a(timer_common_all.o)
                0x0000000008000f84                timer_enable_counter
 .text.timer_set_prescaler
                0x0000000008000f8e        0x4 /home/wiffel/dev/hardware/stm32/libopencm3-examples/libopencm3/lib/libopencm3_stm32f1.a(timer_common_all.o)
                0x0000000008000f8e                timer_set_prescaler
 .text.timer_set_period
                0x0000000008000f92        0x4 /home/wiffel/dev/hardware/stm32/libopencm3-examples/libopencm3/lib/libopencm3_stm32f1.a(timer_common_all.o)
                0x0000000008000f92                timer_set_period
 .text.rcc_periph_clock_enable
                0x0000000008000f96       0x1a /home/wiffel/dev/hardware/stm32/libopencm3-examples/libopencm3/lib/libopencm3_stm32f1.a(rcc_common_all.o)
                0x0000000008000f96                rcc_periph_clock_enable
 .text.rcc_periph_reset_pulse
                0x0000000008000fb0       0x22 /home/wiffel/dev/hardware/stm32/libopencm3-examples/libopencm3/lib/libopencm3_stm32f1.a(rcc_common_all.o)
                0x0000000008000fb0                rcc_periph_reset_pulse
 .text.blocking_handler
                0x0000000008000fd2        0x2 /home/wiffel/dev/hardware/stm32/libopencm3-examples/libopencm3/lib/libopencm3_stm32f1.a(vector.o)
                0x0000000008000fd2                usart3_isr
                0x0000000008000fd2                rtc_isr
                0x0000000008000fd2                tim7_isr
                0x0000000008000fd2                adc1_2_isr
                0x0000000008000fd2                tim1_trg_com_isr
                0x0000000008000fd2                usb_hp_can_tx_isr
                0x0000000008000fd2                tim6_isr
                0x0000000008000fd2                usb_wakeup_isr
                0x0000000008000fd2                blocking_handler
                0x0000000008000fd2                tim5_isr
                0x0000000008000fd2                otg_fs_isr
                0x0000000008000fd2                spi1_isr
                0x0000000008000fd2                exti2_isr
                0x0000000008000fd2                dma1_channel6_isr
                0x0000000008000fd2                can_rx1_isr
                0x0000000008000fd2                dma1_channel5_isr
                0x0000000008000fd2                dma2_channel5_isr
                0x0000000008000fd2                usart1_isr
                0x0000000008000fd2                usage_fault_handler
                0x0000000008000fd2                tim8_trg_com_isr
                0x0000000008000fd2                can2_rx0_isr
                0x0000000008000fd2                tim1_brk_isr
                0x0000000008000fd2                can2_rx1_isr
                0x0000000008000fd2                tim1_cc_isr
                0x0000000008000fd2                sdio_isr
                0x0000000008000fd2                eth_isr
                0x0000000008000fd2                dma1_channel4_isr
                0x0000000008000fd2                tim8_brk_isr
                0x0000000008000fd2                dma2_channel4_5_isr
                0x0000000008000fd2                pvd_isr
                0x0000000008000fd2                rcc_isr
                0x0000000008000fd2                flash_isr
                0x0000000008000fd2                uart4_isr
                0x0000000008000fd2                rtc_alarm_isr
                0x0000000008000fd2                exti15_10_isr
                0x0000000008000fd2                hard_fault_handler
                0x0000000008000fd2                exti1_isr
                0x0000000008000fd2                i2c1_ev_isr
                0x0000000008000fd2                dma2_channel1_isr
                0x0000000008000fd2                spi2_isr
                0x0000000008000fd2                tim8_up_isr
                0x0000000008000fd2                dma2_channel2_isr
                0x0000000008000fd2                exti3_isr
                0x0000000008000fd2                adc3_isr
                0x0000000008000fd2                tim3_isr
                0x0000000008000fd2                usart2_isr
                0x0000000008000fd2                usb_lp_can_rx0_isr
                0x0000000008000fd2                i2c2_er_isr
                0x0000000008000fd2                i2c2_ev_isr
                0x0000000008000fd2                uart5_isr
                0x0000000008000fd2                fsmc_isr
                0x0000000008000fd2                dma1_channel1_isr
                0x0000000008000fd2                exti4_isr
                0x0000000008000fd2                mem_manage_handler
                0x0000000008000fd2                can2_tx_isr
                0x0000000008000fd2                exti9_5_isr
                0x0000000008000fd2                dma2_channel3_isr
                0x0000000008000fd2                dma1_channel7_isr
                0x0000000008000fd2                tim1_up_isr
                0x0000000008000fd2                can2_sce_isr
                0x0000000008000fd2                tim4_isr
                0x0000000008000fd2                dma1_channel2_isr
                0x0000000008000fd2                i2c1_er_isr
                0x0000000008000fd2                can_sce_isr
                0x0000000008000fd2                tim8_cc_isr
                0x0000000008000fd2                tamper_isr
                0x0000000008000fd2                eth_wkup_isr
                0x0000000008000fd2                bus_fault_handler
                0x0000000008000fd2                wwdg_isr
                0x0000000008000fd2                dma1_channel3_isr
                0x0000000008000fd2                spi3_isr
                0x0000000008000fd2                exti0_isr
 .text.null_handler
                0x0000000008000fd4        0x2 /home/wiffel/dev/hardware/stm32/libopencm3-examples/libopencm3/lib/libopencm3_stm32f1.a(vector.o)
                0x0000000008000fd4                null_handler
                0x0000000008000fd4                sv_call_handler
                0x0000000008000fd4                pend_sv_handler
                0x0000000008000fd4                debug_monitor_handler
                0x0000000008000fd4                sys_tick_handler
                0x0000000008000fd4                nmi_handler
 *fill*         0x0000000008000fd6        0x2 
 .text.reset_handler
                0x0000000008000fd8       0x90 /home/wiffel/dev/hardware/stm32/libopencm3-examples/libopencm3/lib/libopencm3_stm32f1.a(vector.o)
                0x0000000008000fd8                reset_handler
 .text.nvic_enable_irq
                0x0000000008001068       0x1a /home/wiffel/dev/hardware/stm32/libopencm3-examples/libopencm3/lib/libopencm3_stm32f1.a(nvic.o)
                0x0000000008001068                nvic_enable_irq
 *fill*         0x0000000008001082        0x2 
 .text.__aeabi_memclr
                0x0000000008001084        0x8 /home/wiffel/bin/gcc-arm-none-eabi/bin/../lib/gcc/arm-none-eabi/7.2.1/../../../../arm-none-eabi/lib/thumb/v7-m/libc.a(lib_a-aeabi_memclr.o)
                0x0000000008001084                __aeabi_memclr8
                0x0000000008001084                __aeabi_memclr
                0x0000000008001084                __aeabi_memclr4
 .text.__aeabi_memset
                0x000000000800108c        0xc /home/wiffel/bin/gcc-arm-none-eabi/bin/../lib/gcc/arm-none-eabi/7.2.1/../../../../arm-none-eabi/lib/thumb/v7-m/libc.a(lib_a-aeabi_memset.o)
                0x000000000800108c                __aeabi_memset
                0x000000000800108c                __aeabi_memset8
                0x000000000800108c                __aeabi_memset4
 .text.malloc   0x0000000008001098       0x10 /home/wiffel/bin/gcc-arm-none-eabi/bin/../lib/gcc/arm-none-eabi/7.2.1/../../../../arm-none-eabi/lib/thumb/v7-m/libc.a(lib_a-malloc.o)
                0x0000000008001098                malloc
 .text._malloc_r
                0x00000000080010a8      0x524 /home/wiffel/bin/gcc-arm-none-eabi/bin/../lib/gcc/arm-none-eabi/7.2.1/../../../../arm-none-eabi/lib/thumb/v7-m/libc.a(lib_a-mallocr.o)
                0x00000000080010a8                _malloc_r
 .text.memset   0x00000000080015cc       0x94 /home/wiffel/bin/gcc-arm-none-eabi/bin/../lib/gcc/arm-none-eabi/7.2.1/../../../../arm-none-eabi/lib/thumb/v7-m/libc.a(lib_a-memset.o)
                0x00000000080015cc                memset
 .text.__malloc_lock
                0x0000000008001660        0xc /home/wiffel/bin/gcc-arm-none-eabi/bin/../lib/gcc/arm-none-eabi/7.2.1/../../../../arm-none-eabi/lib/thumb/v7-m/libc.a(lib_a-mlock.o)
                0x0000000008001660                __malloc_lock
 .text.__malloc_unlock
                0x000000000800166c        0xc /home/wiffel/bin/gcc-arm-none-eabi/bin/../lib/gcc/arm-none-eabi/7.2.1/../../../../arm-none-eabi/lib/thumb/v7-m/libc.a(lib_a-mlock.o)
                0x000000000800166c                __malloc_unlock
 .text._sbrk_r  0x0000000008001678       0x24 /home/wiffel/bin/gcc-arm-none-eabi/bin/../lib/gcc/arm-none-eabi/7.2.1/../../../../arm-none-eabi/lib/thumb/v7-m/libc.a(lib_a-sbrkr.o)
                0x0000000008001678                _sbrk_r
 .text._malloc_trim_r
                0x000000000800169c       0xa0 /home/wiffel/bin/gcc-arm-none-eabi/bin/../lib/gcc/arm-none-eabi/7.2.1/../../../../arm-none-eabi/lib/thumb/v7-m/libc.a(lib_a-freer.o)
                0x000000000800169c                _malloc_trim_r
 .text._free_r  0x000000000800173c      0x1e8 /home/wiffel/bin/gcc-arm-none-eabi/bin/../lib/gcc/arm-none-eabi/7.2.1/../../../../arm-none-eabi/lib/thumb/v7-m/libc.a(lib_a-freer.o)
                0x000000000800173c                _free_r
 .text.__retarget_lock_acquire_recursive
                0x0000000008001924        0x4 /home/wiffel/bin/gcc-arm-none-eabi/bin/../lib/gcc/arm-none-eabi/7.2.1/../../../../arm-none-eabi/lib/thumb/v7-m/libc.a(lib_a-lock.o)
                0x0000000008001924                __retarget_lock_acquire_recursive
 .text.__retarget_lock_release_recursive
                0x0000000008001928        0x4 /home/wiffel/bin/gcc-arm-none-eabi/bin/../lib/gcc/arm-none-eabi/7.2.1/../../../../arm-none-eabi/lib/thumb/v7-m/libc.a(lib_a-lock.o)
                0x0000000008001928                __retarget_lock_release_recursive
 .text          0x000000000800192c      0xa00 /home/wiffel/bin/gcc-arm-none-eabi/bin/../lib/gcc/arm-none-eabi/7.2.1/thumb/v7-m/libgcc.a(unwind-arm.o)
                0x0000000008001be8                _Unwind_GetCFA
                0x0000000008001bec                __gnu_Unwind_RaiseException
                0x0000000008001c4c                __gnu_Unwind_ForcedUnwind
                0x0000000008001c60                __gnu_Unwind_Resume
                0x0000000008001ca4                __gnu_Unwind_Resume_or_Rethrow
                0x0000000008001cb8                _Unwind_Complete
                0x0000000008001cbc                _Unwind_DeleteException
                0x0000000008001cc8                _Unwind_VRS_Get
                0x0000000008001d0c                _Unwind_VRS_Set
                0x0000000008001d54                __gnu_Unwind_Backtrace
                0x000000000800209c                __aeabi_unwind_cpp_pr0
                0x00000000080020a0                __aeabi_unwind_cpp_pr1
                0x00000000080020a4                __aeabi_unwind_cpp_pr2
                0x00000000080020a8                _Unwind_VRS_Pop
 .text          0x000000000800232c      0x1ac /home/wiffel/bin/gcc-arm-none-eabi/bin/../lib/gcc/arm-none-eabi/7.2.1/thumb/v7-m/libgcc.a(libunwind.o)
                0x000000000800232c                __restore_core_regs
                0x000000000800232c                restore_core_regs
                0x0000000008002344                __gnu_Unwind_Restore_VFP
                0x000000000800234c                __gnu_Unwind_Save_VFP
                0x0000000008002354                __gnu_Unwind_Restore_VFP_D
                0x000000000800235c                __gnu_Unwind_Save_VFP_D
                0x0000000008002364                __gnu_Unwind_Restore_VFP_D_16_to_31
                0x000000000800236c                __gnu_Unwind_Save_VFP_D_16_to_31
                0x0000000008002374                __gnu_Unwind_Restore_WMMXD
                0x00000000080023b8                __gnu_Unwind_Save_WMMXD
                0x00000000080023fc                __gnu_Unwind_Restore_WMMXC
                0x0000000008002410                __gnu_Unwind_Save_WMMXC
                0x0000000008002424                ___Unwind_RaiseException
                0x0000000008002424                _Unwind_RaiseException
                0x0000000008002448                ___Unwind_Resume
                0x0000000008002448                _Unwind_Resume
                0x000000000800246c                _Unwind_Resume_or_Rethrow
                0x000000000800246c                ___Unwind_Resume_or_Rethrow
                0x0000000008002490                ___Unwind_ForcedUnwind
                0x0000000008002490                _Unwind_ForcedUnwind
                0x00000000080024b4                _Unwind_Backtrace
                0x00000000080024b4                ___Unwind_Backtrace
 .text          0x00000000080024d8      0x378 /home/wiffel/bin/gcc-arm-none-eabi/bin/../lib/gcc/arm-none-eabi/7.2.1/thumb/v7-m/libgcc.a(pr-support.o)
                0x0000000008002530                __gnu_unwind_execute
                0x00000000080027f4                __gnu_unwind_frame
                0x0000000008002820                _Unwind_GetRegionStart
                0x000000000800282c                _Unwind_GetLanguageSpecificData
                0x0000000008002840                _Unwind_GetDataRelBase
                0x0000000008002848                _Unwind_GetTextRelBase
 .text._sbrk    0x0000000008002850       0x1c /home/wiffel/bin/gcc-arm-none-eabi/bin/../lib/gcc/arm-none-eabi/7.2.1/../../../../arm-none-eabi/lib/thumb/v7-m/libnosys.a(sbrk.o)
                0x0000000008002850                _sbrk
 .text.abort    0x000000000800286c       0x10 /home/wiffel/bin/gcc-arm-none-eabi/bin/../lib/gcc/arm-none-eabi/7.2.1/../../../../arm-none-eabi/lib/thumb/v7-m/libc.a(lib_a-abort.o)
                0x000000000800286c                abort
 .text          0x000000000800287c       0xec /home/wiffel/bin/gcc-arm-none-eabi/bin/../lib/gcc/arm-none-eabi/7.2.1/../../../../arm-none-eabi/lib/thumb/v7-m/libc.a(lib_a-memcpy.o)
                0x000000000800287c                memcpy
 .text._raise_r
                0x0000000008002968       0x5c /home/wiffel/bin/gcc-arm-none-eabi/bin/../lib/gcc/arm-none-eabi/7.2.1/../../../../arm-none-eabi/lib/thumb/v7-m/libc.a(lib_a-signal.o)
                0x0000000008002968                _raise_r
 .text.raise    0x00000000080029c4       0x10 /home/wiffel/bin/gcc-arm-none-eabi/bin/../lib/gcc/arm-none-eabi/7.2.1/../../../../arm-none-eabi/lib/thumb/v7-m/libc.a(lib_a-signal.o)
                0x00000000080029c4                raise
 .text._kill_r  0x00000000080029d4       0x28 /home/wiffel/bin/gcc-arm-none-eabi/bin/../lib/gcc/arm-none-eabi/7.2.1/../../../../arm-none-eabi/lib/thumb/v7-m/libc.a(lib_a-signalr.o)
                0x00000000080029d4                _kill_r
 .text._getpid_r
                0x00000000080029fc        0x4 /home/wiffel/bin/gcc-arm-none-eabi/bin/../lib/gcc/arm-none-eabi/7.2.1/../../../../arm-none-eabi/lib/thumb/v7-m/libc.a(lib_a-signalr.o)
                0x00000000080029fc                _getpid_r
 .text._getpid  0x0000000008002a00       0x10 /home/wiffel/bin/gcc-arm-none-eabi/bin/../lib/gcc/arm-none-eabi/7.2.1/../../../../arm-none-eabi/lib/thumb/v7-m/libnosys.a(getpid.o)
                0x0000000008002a00                _getpid
 .text._kill    0x0000000008002a10       0x10 /home/wiffel/bin/gcc-arm-none-eabi/bin/../lib/gcc/arm-none-eabi/7.2.1/../../../../arm-none-eabi/lib/thumb/v7-m/libnosys.a(kill.o)
                0x0000000008002a10                _kill
 .text._exit    0x0000000008002a20        0x4 /home/wiffel/bin/gcc-arm-none-eabi/bin/../lib/gcc/arm-none-eabi/7.2.1/../../../../arm-none-eabi/lib/thumb/v7-m/libnosys.a(_exit.o)
                0x0000000008002a20                _exit
                0x0000000008002a24                . = ALIGN (0x4)
 *(.rodata*)
                0x0000000008002a24                . = ALIGN (0x4)

.glue_7         0x0000000008002a24        0x0
 .glue_7        0x0000000008002a24        0x0 linker stubs

.glue_7t        0x0000000008002a24        0x0
 .glue_7t       0x0000000008002a24        0x0 linker stubs

.vfp11_veneer   0x0000000008002a24        0x0
 .vfp11_veneer  0x0000000008002a24        0x0 linker stubs

.v4_bx          0x0000000008002a24        0x0
 .v4_bx         0x0000000008002a24        0x0 linker stubs

.iplt           0x0000000008002a24        0x0
 .iplt          0x0000000008002a24        0x0 main.o

.preinit_array  0x0000000008002a24        0x0
                0x0000000008002a24                . = ALIGN (0x4)
                0x0000000008002a24                __preinit_array_start = .
 *(.preinit_array)
                0x0000000008002a24                __preinit_array_end = .

.init_array     0x0000000008002a24        0x0
                0x0000000008002a24                . = ALIGN (0x4)
                0x0000000008002a24                __init_array_start = .
 *(SORT_BY_NAME(.init_array.*))
 *(.init_array)
                0x0000000008002a24                __init_array_end = .

.fini_array     0x0000000008002a24        0x0
                0x0000000008002a24                . = ALIGN (0x4)
                0x0000000008002a24                __fini_array_start = .
 *(.fini_array)
 *(SORT_BY_NAME(.fini_array.*))
                0x0000000008002a24                __fini_array_end = .

.ARM.extab      0x0000000008002a24       0x18
 *(.ARM.extab*)
 .ARM.extab     0x0000000008002a24       0x18 /home/wiffel/bin/gcc-arm-none-eabi/bin/../lib/gcc/arm-none-eabi/7.2.1/thumb/v7-m/libgcc.a(pr-support.o)

.ARM.exidx      0x0000000008002a3c       0xf0
                0x0000000008002a3c                __exidx_start = .
 *(.ARM.exidx*)
 .ARM.exidx.text.main
                0x0000000008002a3c        0x8 main.o
 .ARM.exidx.text._D4main7SSD13066__ctorMFNciikhktiZSQBhQBf
                0x0000000008002a44        0x8 main.o
 .ARM.exidx.text._D4main4testFKSQn7SSD1306Zv
                0x0000000008002a4c        0x8 main.o
 .ARM.exidx.text._D4main8waveTestFKSQr2IOiZv
                0x0000000008002a54        0x8 main.o
 .ARM.exidx.text._D4main4testFKSQn7SSD1306Z7drawingMFiZv
                0x0000000008002a5c        0x8 main.o
 .ARM.exidx.text._D4main7SSD13067refreshMFZv
                0x0000000008002a64        0x8 main.o
 .ARM.exidx.text.tim2_isr
                0x0000000008002a6c       0x10 main.o
                                          0x8 (size before relaxing)
 .ARM.exidx     0x0000000008002a7c       0x78 /home/wiffel/bin/gcc-arm-none-eabi/bin/../lib/gcc/arm-none-eabi/7.2.1/thumb/v7-m/libgcc.a(unwind-arm.o)
                                         0xd8 (size before relaxing)
 .ARM.exidx     0x0000000008002af4       0x38 /home/wiffel/bin/gcc-arm-none-eabi/bin/../lib/gcc/arm-none-eabi/7.2.1/thumb/v7-m/libgcc.a(pr-support.o)
                                         0x48 (size before relaxing)
                0x0000000008002b2c                __exidx_end = .

.rel.dyn        0x0000000008002b2c        0x0
 .rel.iplt      0x0000000008002b2c        0x0 main.o
                0x0000000008002b2c                . = ALIGN (0x4)
                0x0000000008002b2c                _etext = .

.data           0x0000000020000000      0x840 load address 0x0000000008002b2c
                0x0000000020000000                _data = .
 *(.data*)
 .data._D4main8ledStateOb
                0x0000000020000000        0x1 main.o
                0x0000000020000000                _D4main8ledStateOb
 *fill*         0x0000000020000001        0x3 
 .data.__malloc_av_
                0x0000000020000004      0x408 /home/wiffel/bin/gcc-arm-none-eabi/bin/../lib/gcc/arm-none-eabi/7.2.1/../../../../arm-none-eabi/lib/thumb/v7-m/libc.a(lib_a-mallocr.o)
                0x0000000020000004                __malloc_av_
 .data.__malloc_sbrk_base
                0x000000002000040c        0x4 /home/wiffel/bin/gcc-arm-none-eabi/bin/../lib/gcc/arm-none-eabi/7.2.1/../../../../arm-none-eabi/lib/thumb/v7-m/libc.a(lib_a-mallocr.o)
                0x000000002000040c                __malloc_sbrk_base
 .data.__malloc_trim_threshold
                0x0000000020000410        0x4 /home/wiffel/bin/gcc-arm-none-eabi/bin/../lib/gcc/arm-none-eabi/7.2.1/../../../../arm-none-eabi/lib/thumb/v7-m/libc.a(lib_a-mallocr.o)
                0x0000000020000410                __malloc_trim_threshold
 .data._impure_ptr
                0x0000000020000414        0x4 /home/wiffel/bin/gcc-arm-none-eabi/bin/../lib/gcc/arm-none-eabi/7.2.1/../../../../arm-none-eabi/lib/thumb/v7-m/libc.a(lib_a-impure.o)
                0x0000000020000414                _impure_ptr
 .data.impure_data
                0x0000000020000418      0x428 /home/wiffel/bin/gcc-arm-none-eabi/bin/../lib/gcc/arm-none-eabi/7.2.1/../../../../arm-none-eabi/lib/thumb/v7-m/libc.a(lib_a-impure.o)
                0x0000000020000840                . = ALIGN (0x4)
                0x0000000020000840                _edata = .
                0x0000000008002b2c                _data_loadaddr = LOADADDR (.data)

.igot.plt       0x0000000020000840        0x0 load address 0x000000000800336c
 .igot.plt      0x0000000020000840        0x0 main.o

.bss            0x0000000020000840       0x60 load address 0x000000000800336c
 *(.bss*)
 .bss.__malloc_current_mallinfo
                0x0000000020000840       0x28 /home/wiffel/bin/gcc-arm-none-eabi/bin/../lib/gcc/arm-none-eabi/7.2.1/../../../../arm-none-eabi/lib/thumb/v7-m/libc.a(lib_a-mallocr.o)
                0x0000000020000840                __malloc_current_mallinfo
 .bss.__malloc_max_sbrked_mem
                0x0000000020000868        0x4 /home/wiffel/bin/gcc-arm-none-eabi/bin/../lib/gcc/arm-none-eabi/7.2.1/../../../../arm-none-eabi/lib/thumb/v7-m/libc.a(lib_a-mallocr.o)
                0x0000000020000868                __malloc_max_sbrked_mem
 .bss.__malloc_max_total_mem
                0x000000002000086c        0x4 /home/wiffel/bin/gcc-arm-none-eabi/bin/../lib/gcc/arm-none-eabi/7.2.1/../../../../arm-none-eabi/lib/thumb/v7-m/libc.a(lib_a-mallocr.o)
                0x000000002000086c                __malloc_max_total_mem
 .bss.__malloc_top_pad
                0x0000000020000870        0x4 /home/wiffel/bin/gcc-arm-none-eabi/bin/../lib/gcc/arm-none-eabi/7.2.1/../../../../arm-none-eabi/lib/thumb/v7-m/libc.a(lib_a-mallocr.o)
                0x0000000020000870                __malloc_top_pad
 .bss.heap_end.4102
                0x0000000020000874        0x4 /home/wiffel/bin/gcc-arm-none-eabi/bin/../lib/gcc/arm-none-eabi/7.2.1/../../../../arm-none-eabi/lib/thumb/v7-m/libnosys.a(sbrk.o)
 *(COMMON)
 COMMON         0x0000000020000878       0x21 /home/wiffel/bin/gcc-arm-none-eabi/bin/../lib/gcc/arm-none-eabi/7.2.1/../../../../arm-none-eabi/lib/thumb/v7-m/libc.a(lib_a-lock.o)
                0x0000000020000878                __lock___atexit_recursive_mutex
                0x000000002000087c                __lock___arc4random_mutex
                0x0000000020000880                __lock___env_recursive_mutex
                0x0000000020000884                __lock___sinit_recursive_mutex
                0x0000000020000888                __lock___malloc_recursive_mutex
                0x000000002000088c                __lock___at_quick_exit_mutex
                0x0000000020000890                __lock___dd_hash_mutex
                0x0000000020000894                __lock___tz_mutex
                0x0000000020000898                __lock___sfp_recursive_mutex
 *fill*         0x0000000020000899        0x3 
 COMMON         0x000000002000089c        0x4 /home/wiffel/bin/gcc-arm-none-eabi/bin/../lib/gcc/arm-none-eabi/7.2.1/../../../../arm-none-eabi/lib/thumb/v7-m/libc.a(lib_a-reent.o)
                0x000000002000089c                errno
                0x00000000200008a0                . = ALIGN (0x4)
                0x00000000200008a0                _ebss = .

/DISCARD/
 *(.eh_frame)
                0x00000000200008a0                . = ALIGN (0x4)
                0x00000000200008a0                end = .
                0x0000000020005000                PROVIDE (_stack, (ORIGIN (ram) + LENGTH (ram)))
OUTPUT(main.elf elf32-littlearm)

.comment        0x0000000000000000       0x90
 .comment       0x0000000000000000       0x12 main.o
                                         0x13 (size before relaxing)
 .comment       0x0000000000000012       0x7e /home/wiffel/dev/hardware/stm32/libopencm3-examples/libopencm3/lib/libopencm3_stm32f1.a(gpio.o)
                                         0x7f (size before relaxing)
 .comment       0x0000000000000090       0x7f /home/wiffel/dev/hardware/stm32/libopencm3-examples/libopencm3/lib/libopencm3_stm32f1.a(gpio_common_all.o)
 .comment       0x0000000000000090       0x7f /home/wiffel/dev/hardware/stm32/libopencm3-examples/libopencm3/lib/libopencm3_stm32f1.a(i2c_common_v1.o)
 .comment       0x0000000000000090       0x7f /home/wiffel/dev/hardware/stm32/libopencm3-examples/libopencm3/lib/libopencm3_stm32f1.a(timer_common_all.o)
 .comment       0x0000000000000090       0x7f /home/wiffel/dev/hardware/stm32/libopencm3-examples/libopencm3/lib/libopencm3_stm32f1.a(rcc_common_all.o)
 .comment       0x0000000000000090       0x7f /home/wiffel/dev/hardware/stm32/libopencm3-examples/libopencm3/lib/libopencm3_stm32f1.a(vector.o)
 .comment       0x0000000000000090       0x7f /home/wiffel/dev/hardware/stm32/libopencm3-examples/libopencm3/lib/libopencm3_stm32f1.a(nvic.o)

.note.GNU-stack
                0x0000000000000000        0x0
 .note.GNU-stack
                0x0000000000000000        0x0 main.o

.ARM.attributes
                0x0000000000000000       0x35
 .ARM.attributes
                0x0000000000000000       0x3d main.o
 .ARM.attributes
                0x000000000000003d       0x33 /home/wiffel/dev/hardware/stm32/libopencm3-examples/libopencm3/lib/libopencm3_stm32f1.a(gpio.o)
 .ARM.attributes
                0x0000000000000070       0x33 /home/wiffel/dev/hardware/stm32/libopencm3-examples/libopencm3/lib/libopencm3_stm32f1.a(gpio_common_all.o)
 .ARM.attributes
                0x00000000000000a3       0x33 /home/wiffel/dev/hardware/stm32/libopencm3-examples/libopencm3/lib/libopencm3_stm32f1.a(i2c_common_v1.o)
 .ARM.attributes
                0x00000000000000d6       0x33 /home/wiffel/dev/hardware/stm32/libopencm3-examples/libopencm3/lib/libopencm3_stm32f1.a(timer_common_all.o)
 .ARM.attributes
                0x0000000000000109       0x33 /home/wiffel/dev/hardware/stm32/libopencm3-examples/libopencm3/lib/libopencm3_stm32f1.a(rcc_common_all.o)
 .ARM.attributes
                0x000000000000013c       0x33 /home/wiffel/dev/hardware/stm32/libopencm3-examples/libopencm3/lib/libopencm3_stm32f1.a(vector.o)
 .ARM.attributes
                0x000000000000016f       0x33 /home/wiffel/dev/hardware/stm32/libopencm3-examples/libopencm3/lib/libopencm3_stm32f1.a(nvic.o)
 .ARM.attributes
                0x00000000000001a2       0x2d /home/wiffel/bin/gcc-arm-none-eabi/bin/../lib/gcc/arm-none-eabi/7.2.1/../../../../arm-none-eabi/lib/thumb/v7-m/libc.a(lib_a-aeabi_memclr.o)
 .ARM.attributes
                0x00000000000001cf       0x2d /home/wiffel/bin/gcc-arm-none-eabi/bin/../lib/gcc/arm-none-eabi/7.2.1/../../../../arm-none-eabi/lib/thumb/v7-m/libc.a(lib_a-aeabi_memset.o)
 .ARM.attributes
                0x00000000000001fc       0x2d /home/wiffel/bin/gcc-arm-none-eabi/bin/../lib/gcc/arm-none-eabi/7.2.1/../../../../arm-none-eabi/lib/thumb/v7-m/libc.a(lib_a-malloc.o)
 .ARM.attributes
                0x0000000000000229       0x2d /home/wiffel/bin/gcc-arm-none-eabi/bin/../lib/gcc/arm-none-eabi/7.2.1/../../../../arm-none-eabi/lib/thumb/v7-m/libc.a(lib_a-mallocr.o)
 .ARM.attributes
                0x0000000000000256       0x2d /home/wiffel/bin/gcc-arm-none-eabi/bin/../lib/gcc/arm-none-eabi/7.2.1/../../../../arm-none-eabi/lib/thumb/v7-m/libc.a(lib_a-memset.o)
 .ARM.attributes
                0x0000000000000283       0x2d /home/wiffel/bin/gcc-arm-none-eabi/bin/../lib/gcc/arm-none-eabi/7.2.1/../../../../arm-none-eabi/lib/thumb/v7-m/libc.a(lib_a-mlock.o)
 .ARM.attributes
                0x00000000000002b0       0x2d /home/wiffel/bin/gcc-arm-none-eabi/bin/../lib/gcc/arm-none-eabi/7.2.1/../../../../arm-none-eabi/lib/thumb/v7-m/libc.a(lib_a-sbrkr.o)
 .ARM.attributes
                0x00000000000002dd       0x2d /home/wiffel/bin/gcc-arm-none-eabi/bin/../lib/gcc/arm-none-eabi/7.2.1/../../../../arm-none-eabi/lib/thumb/v7-m/libc.a(lib_a-freer.o)
 .ARM.attributes
                0x000000000000030a       0x2d /home/wiffel/bin/gcc-arm-none-eabi/bin/../lib/gcc/arm-none-eabi/7.2.1/../../../../arm-none-eabi/lib/thumb/v7-m/libc.a(lib_a-impure.o)
 .ARM.attributes
                0x0000000000000337       0x2d /home/wiffel/bin/gcc-arm-none-eabi/bin/../lib/gcc/arm-none-eabi/7.2.1/../../../../arm-none-eabi/lib/thumb/v7-m/libc.a(lib_a-lock.o)
 .ARM.attributes
                0x0000000000000364       0x2d /home/wiffel/bin/gcc-arm-none-eabi/bin/../lib/gcc/arm-none-eabi/7.2.1/../../../../arm-none-eabi/lib/thumb/v7-m/libc.a(lib_a-reent.o)
 .ARM.attributes
                0x0000000000000391       0x2d /home/wiffel/bin/gcc-arm-none-eabi/bin/../lib/gcc/arm-none-eabi/7.2.1/thumb/v7-m/libgcc.a(unwind-arm.o)
 .ARM.attributes
                0x00000000000003be       0x1d /home/wiffel/bin/gcc-arm-none-eabi/bin/../lib/gcc/arm-none-eabi/7.2.1/thumb/v7-m/libgcc.a(libunwind.o)
 .ARM.attributes
                0x00000000000003db       0x2d /home/wiffel/bin/gcc-arm-none-eabi/bin/../lib/gcc/arm-none-eabi/7.2.1/thumb/v7-m/libgcc.a(pr-support.o)
 .ARM.attributes
                0x0000000000000408       0x2d /home/wiffel/bin/gcc-arm-none-eabi/bin/../lib/gcc/arm-none-eabi/7.2.1/../../../../arm-none-eabi/lib/thumb/v7-m/libnosys.a(sbrk.o)
 .ARM.attributes
                0x0000000000000435       0x2d /home/wiffel/bin/gcc-arm-none-eabi/bin/../lib/gcc/arm-none-eabi/7.2.1/../../../../arm-none-eabi/lib/thumb/v7-m/libc.a(lib_a-abort.o)
 .ARM.attributes
                0x0000000000000462       0x1b /home/wiffel/bin/gcc-arm-none-eabi/bin/../lib/gcc/arm-none-eabi/7.2.1/../../../../arm-none-eabi/lib/thumb/v7-m/libc.a(lib_a-memcpy.o)
 .ARM.attributes
                0x000000000000047d       0x2d /home/wiffel/bin/gcc-arm-none-eabi/bin/../lib/gcc/arm-none-eabi/7.2.1/../../../../arm-none-eabi/lib/thumb/v7-m/libc.a(lib_a-signal.o)
 .ARM.attributes
                0x00000000000004aa       0x2d /home/wiffel/bin/gcc-arm-none-eabi/bin/../lib/gcc/arm-none-eabi/7.2.1/../../../../arm-none-eabi/lib/thumb/v7-m/libc.a(lib_a-signalr.o)
 .ARM.attributes
                0x00000000000004d7       0x2d /home/wiffel/bin/gcc-arm-none-eabi/bin/../lib/gcc/arm-none-eabi/7.2.1/../../../../arm-none-eabi/lib/thumb/v7-m/libnosys.a(getpid.o)
 .ARM.attributes
                0x0000000000000504       0x2d /home/wiffel/bin/gcc-arm-none-eabi/bin/../lib/gcc/arm-none-eabi/7.2.1/../../../../arm-none-eabi/lib/thumb/v7-m/libnosys.a(kill.o)
 .ARM.attributes
                0x0000000000000531       0x2d /home/wiffel/bin/gcc-arm-none-eabi/bin/../lib/gcc/arm-none-eabi/7.2.1/../../../../arm-none-eabi/lib/thumb/v7-m/libnosys.a(_exit.o)

.debug_info     0x0000000000000000     0x2ba2
 .debug_info    0x0000000000000000      0x1db /home/wiffel/dev/hardware/stm32/libopencm3-examples/libopencm3/lib/libopencm3_stm32f1.a(gpio.o)
 .debug_info    0x00000000000001db      0x22c /home/wiffel/dev/hardware/stm32/libopencm3-examples/libopencm3/lib/libopencm3_stm32f1.a(gpio_common_all.o)
 .debug_info    0x0000000000000407      0xb36 /home/wiffel/dev/hardware/stm32/libopencm3-examples/libopencm3/lib/libopencm3_stm32f1.a(i2c_common_v1.o)
 .debug_info    0x0000000000000f3d     0x11bb /home/wiffel/dev/hardware/stm32/libopencm3-examples/libopencm3/lib/libopencm3_stm32f1.a(timer_common_all.o)
 .debug_info    0x00000000000020f8      0x5f5 /home/wiffel/dev/hardware/stm32/libopencm3-examples/libopencm3/lib/libopencm3_stm32f1.a(rcc_common_all.o)
 .debug_info    0x00000000000026ed      0x2a1 /home/wiffel/dev/hardware/stm32/libopencm3-examples/libopencm3/lib/libopencm3_stm32f1.a(vector.o)
 .debug_info    0x000000000000298e      0x214 /home/wiffel/dev/hardware/stm32/libopencm3-examples/libopencm3/lib/libopencm3_stm32f1.a(nvic.o)

.debug_abbrev   0x0000000000000000      0x8f2
 .debug_abbrev  0x0000000000000000       0xb7 /home/wiffel/dev/hardware/stm32/libopencm3-examples/libopencm3/lib/libopencm3_stm32f1.a(gpio.o)
 .debug_abbrev  0x00000000000000b7       0xf4 /home/wiffel/dev/hardware/stm32/libopencm3-examples/libopencm3/lib/libopencm3_stm32f1.a(gpio_common_all.o)
 .debug_abbrev  0x00000000000001ab      0x2ac /home/wiffel/dev/hardware/stm32/libopencm3-examples/libopencm3/lib/libopencm3_stm32f1.a(i2c_common_v1.o)
 .debug_abbrev  0x0000000000000457      0x191 /home/wiffel/dev/hardware/stm32/libopencm3-examples/libopencm3/lib/libopencm3_stm32f1.a(timer_common_all.o)
 .debug_abbrev  0x00000000000005e8      0x139 /home/wiffel/dev/hardware/stm32/libopencm3-examples/libopencm3/lib/libopencm3_stm32f1.a(rcc_common_all.o)
 .debug_abbrev  0x0000000000000721      0x12b /home/wiffel/dev/hardware/stm32/libopencm3-examples/libopencm3/lib/libopencm3_stm32f1.a(vector.o)
 .debug_abbrev  0x000000000000084c       0xa6 /home/wiffel/dev/hardware/stm32/libopencm3-examples/libopencm3/lib/libopencm3_stm32f1.a(nvic.o)

.debug_loc      0x0000000000000000     0x1211
 .debug_loc     0x0000000000000000      0x48a /home/wiffel/dev/hardware/stm32/libopencm3-examples/libopencm3/lib/libopencm3_stm32f1.a(gpio.o)
 .debug_loc     0x000000000000048a       0x97 /home/wiffel/dev/hardware/stm32/libopencm3-examples/libopencm3/lib/libopencm3_stm32f1.a(gpio_common_all.o)
 .debug_loc     0x0000000000000521      0x4be /home/wiffel/dev/hardware/stm32/libopencm3-examples/libopencm3/lib/libopencm3_stm32f1.a(i2c_common_v1.o)
 .debug_loc     0x00000000000009df      0x517 /home/wiffel/dev/hardware/stm32/libopencm3-examples/libopencm3/lib/libopencm3_stm32f1.a(timer_common_all.o)
 .debug_loc     0x0000000000000ef6      0x108 /home/wiffel/dev/hardware/stm32/libopencm3-examples/libopencm3/lib/libopencm3_stm32f1.a(rcc_common_all.o)
 .debug_loc     0x0000000000000ffe       0xea /home/wiffel/dev/hardware/stm32/libopencm3-examples/libopencm3/lib/libopencm3_stm32f1.a(vector.o)
 .debug_loc     0x00000000000010e8      0x129 /home/wiffel/dev/hardware/stm32/libopencm3-examples/libopencm3/lib/libopencm3_stm32f1.a(nvic.o)

.debug_aranges  0x0000000000000000      0x508
 .debug_aranges
                0x0000000000000000       0x38 /home/wiffel/dev/hardware/stm32/libopencm3-examples/libopencm3/lib/libopencm3_stm32f1.a(gpio.o)
 .debug_aranges
                0x0000000000000038       0x50 /home/wiffel/dev/hardware/stm32/libopencm3-examples/libopencm3/lib/libopencm3_stm32f1.a(gpio_common_all.o)
 .debug_aranges
                0x0000000000000088      0x118 /home/wiffel/dev/hardware/stm32/libopencm3-examples/libopencm3/lib/libopencm3_stm32f1.a(i2c_common_v1.o)
 .debug_aranges
                0x00000000000001a0      0x270 /home/wiffel/dev/hardware/stm32/libopencm3-examples/libopencm3/lib/libopencm3_stm32f1.a(timer_common_all.o)
 .debug_aranges
                0x0000000000000410       0x68 /home/wiffel/dev/hardware/stm32/libopencm3-examples/libopencm3/lib/libopencm3_stm32f1.a(rcc_common_all.o)
 .debug_aranges
                0x0000000000000478       0x30 /home/wiffel/dev/hardware/stm32/libopencm3-examples/libopencm3/lib/libopencm3_stm32f1.a(vector.o)
 .debug_aranges
                0x00000000000004a8       0x60 /home/wiffel/dev/hardware/stm32/libopencm3-examples/libopencm3/lib/libopencm3_stm32f1.a(nvic.o)

.debug_ranges   0x0000000000000000      0x4b0
 .debug_ranges  0x0000000000000000       0x28 /home/wiffel/dev/hardware/stm32/libopencm3-examples/libopencm3/lib/libopencm3_stm32f1.a(gpio.o)
 .debug_ranges  0x0000000000000028       0x40 /home/wiffel/dev/hardware/stm32/libopencm3-examples/libopencm3/lib/libopencm3_stm32f1.a(gpio_common_all.o)
 .debug_ranges  0x0000000000000068      0x120 /home/wiffel/dev/hardware/stm32/libopencm3-examples/libopencm3/lib/libopencm3_stm32f1.a(i2c_common_v1.o)
 .debug_ranges  0x0000000000000188      0x260 /home/wiffel/dev/hardware/stm32/libopencm3-examples/libopencm3/lib/libopencm3_stm32f1.a(timer_common_all.o)
 .debug_ranges  0x00000000000003e8       0x58 /home/wiffel/dev/hardware/stm32/libopencm3-examples/libopencm3/lib/libopencm3_stm32f1.a(rcc_common_all.o)
 .debug_ranges  0x0000000000000440       0x20 /home/wiffel/dev/hardware/stm32/libopencm3-examples/libopencm3/lib/libopencm3_stm32f1.a(vector.o)
 .debug_ranges  0x0000000000000460       0x50 /home/wiffel/dev/hardware/stm32/libopencm3-examples/libopencm3/lib/libopencm3_stm32f1.a(nvic.o)

.debug_macro    0x0000000000000000     0x4972
 .debug_macro   0x0000000000000000       0xb9 /home/wiffel/dev/hardware/stm32/libopencm3-examples/libopencm3/lib/libopencm3_stm32f1.a(gpio.o)
 .debug_macro   0x00000000000000b9      0xa4e /home/wiffel/dev/hardware/stm32/libopencm3-examples/libopencm3/lib/libopencm3_stm32f1.a(gpio.o)
 .debug_macro   0x0000000000000b07       0x22 /home/wiffel/dev/hardware/stm32/libopencm3-examples/libopencm3/lib/libopencm3_stm32f1.a(gpio.o)
 .debug_macro   0x0000000000000b29       0x4f /home/wiffel/dev/hardware/stm32/libopencm3-examples/libopencm3/lib/libopencm3_stm32f1.a(gpio.o)
 .debug_macro   0x0000000000000b78       0x51 /home/wiffel/dev/hardware/stm32/libopencm3-examples/libopencm3/lib/libopencm3_stm32f1.a(gpio.o)
 .debug_macro   0x0000000000000bc9       0xef /home/wiffel/dev/hardware/stm32/libopencm3-examples/libopencm3/lib/libopencm3_stm32f1.a(gpio.o)
 .debug_macro   0x0000000000000cb8       0x6a /home/wiffel/dev/hardware/stm32/libopencm3-examples/libopencm3/lib/libopencm3_stm32f1.a(gpio.o)
 .debug_macro   0x0000000000000d22      0x1df /home/wiffel/dev/hardware/stm32/libopencm3-examples/libopencm3/lib/libopencm3_stm32f1.a(gpio.o)
 .debug_macro   0x0000000000000f01       0x22 /home/wiffel/dev/hardware/stm32/libopencm3-examples/libopencm3/lib/libopencm3_stm32f1.a(gpio.o)
 .debug_macro   0x0000000000000f23       0xfa /home/wiffel/dev/hardware/stm32/libopencm3-examples/libopencm3/lib/libopencm3_stm32f1.a(gpio.o)
 .debug_macro   0x000000000000101d       0x58 /home/wiffel/dev/hardware/stm32/libopencm3-examples/libopencm3/lib/libopencm3_stm32f1.a(gpio.o)
 .debug_macro   0x0000000000001075      0x1b4 /home/wiffel/dev/hardware/stm32/libopencm3-examples/libopencm3/lib/libopencm3_stm32f1.a(gpio.o)
 .debug_macro   0x0000000000001229       0x76 /home/wiffel/dev/hardware/stm32/libopencm3-examples/libopencm3/lib/libopencm3_stm32f1.a(gpio.o)
 .debug_macro   0x000000000000129f      0xdfd /home/wiffel/dev/hardware/stm32/libopencm3-examples/libopencm3/lib/libopencm3_stm32f1.a(gpio.o)
 .debug_macro   0x000000000000209c       0xb9 /home/wiffel/dev/hardware/stm32/libopencm3-examples/libopencm3/lib/libopencm3_stm32f1.a(gpio_common_all.o)
 .debug_macro   0x0000000000002155       0xdb /home/wiffel/dev/hardware/stm32/libopencm3-examples/libopencm3/lib/libopencm3_stm32f1.a(i2c_common_v1.o)
 .debug_macro   0x0000000000002230      0x16d /home/wiffel/dev/hardware/stm32/libopencm3-examples/libopencm3/lib/libopencm3_stm32f1.a(i2c_common_v1.o)
 .debug_macro   0x000000000000239d      0x327 /home/wiffel/dev/hardware/stm32/libopencm3-examples/libopencm3/lib/libopencm3_stm32f1.a(i2c_common_v1.o)
 .debug_macro   0x00000000000026c4      0x82c /home/wiffel/dev/hardware/stm32/libopencm3-examples/libopencm3/lib/libopencm3_stm32f1.a(i2c_common_v1.o)
 .debug_macro   0x0000000000002ef0       0xd8 /home/wiffel/dev/hardware/stm32/libopencm3-examples/libopencm3/lib/libopencm3_stm32f1.a(timer_common_all.o)
 .debug_macro   0x0000000000002fc8      0xf96 /home/wiffel/dev/hardware/stm32/libopencm3-examples/libopencm3/lib/libopencm3_stm32f1.a(timer_common_all.o)
 .debug_macro   0x0000000000003f5e       0xcf /home/wiffel/dev/hardware/stm32/libopencm3-examples/libopencm3/lib/libopencm3_stm32f1.a(rcc_common_all.o)
 .debug_macro   0x000000000000402d       0xd0 /home/wiffel/dev/hardware/stm32/libopencm3-examples/libopencm3/lib/libopencm3_stm32f1.a(vector.o)
 .debug_macro   0x00000000000040fd      0x3a1 /home/wiffel/dev/hardware/stm32/libopencm3-examples/libopencm3/lib/libopencm3_stm32f1.a(vector.o)
 .debug_macro   0x000000000000449e       0x6a /home/wiffel/dev/hardware/stm32/libopencm3-examples/libopencm3/lib/libopencm3_stm32f1.a(vector.o)
 .debug_macro   0x0000000000004508      0x1a2 /home/wiffel/dev/hardware/stm32/libopencm3-examples/libopencm3/lib/libopencm3_stm32f1.a(vector.o)
 .debug_macro   0x00000000000046aa       0xb4 /home/wiffel/dev/hardware/stm32/libopencm3-examples/libopencm3/lib/libopencm3_stm32f1.a(nvic.o)
 .debug_macro   0x000000000000475e       0x64 /home/wiffel/dev/hardware/stm32/libopencm3-examples/libopencm3/lib/libopencm3_stm32f1.a(nvic.o)
 .debug_macro   0x00000000000047c2      0x1b0 /home/wiffel/dev/hardware/stm32/libopencm3-examples/libopencm3/lib/libopencm3_stm32f1.a(nvic.o)

.debug_line     0x0000000000000000     0x1f4e
 .debug_line    0x0000000000000000      0x2f0 /home/wiffel/dev/hardware/stm32/libopencm3-examples/libopencm3/lib/libopencm3_stm32f1.a(gpio.o)
 .debug_line    0x00000000000002f0      0x327 /home/wiffel/dev/hardware/stm32/libopencm3-examples/libopencm3/lib/libopencm3_stm32f1.a(gpio_common_all.o)
 .debug_line    0x0000000000000617      0x569 /home/wiffel/dev/hardware/stm32/libopencm3-examples/libopencm3/lib/libopencm3_stm32f1.a(i2c_common_v1.o)
 .debug_line    0x0000000000000b80      0xa3f /home/wiffel/dev/hardware/stm32/libopencm3-examples/libopencm3/lib/libopencm3_stm32f1.a(timer_common_all.o)
 .debug_line    0x00000000000015bf      0x35b /home/wiffel/dev/hardware/stm32/libopencm3-examples/libopencm3/lib/libopencm3_stm32f1.a(rcc_common_all.o)
 .debug_line    0x000000000000191a      0x33c /home/wiffel/dev/hardware/stm32/libopencm3-examples/libopencm3/lib/libopencm3_stm32f1.a(vector.o)
 .debug_line    0x0000000000001c56      0x2f8 /home/wiffel/dev/hardware/stm32/libopencm3-examples/libopencm3/lib/libopencm3_stm32f1.a(nvic.o)

.debug_str      0x0000000000000000    0x139c6
 .debug_str     0x0000000000000000     0x82b3 /home/wiffel/dev/hardware/stm32/libopencm3-examples/libopencm3/lib/libopencm3_stm32f1.a(gpio.o)
                                       0x842d (size before relaxing)
 .debug_str     0x00000000000082b3       0x80 /home/wiffel/dev/hardware/stm32/libopencm3-examples/libopencm3/lib/libopencm3_stm32f1.a(gpio_common_all.o)
                                       0x8421 (size before relaxing)
 .debug_str     0x0000000000008333     0x37da /home/wiffel/dev/hardware/stm32/libopencm3-examples/libopencm3/lib/libopencm3_stm32f1.a(i2c_common_v1.o)
                                       0x8483 (size before relaxing)
 .debug_str     0x000000000000bb0d     0x4be5 /home/wiffel/dev/hardware/stm32/libopencm3-examples/libopencm3/lib/libopencm3_stm32f1.a(timer_common_all.o)
                                       0xbe86 (size before relaxing)
 .debug_str     0x00000000000106f2      0x3f8 /home/wiffel/dev/hardware/stm32/libopencm3-examples/libopencm3/lib/libopencm3_stm32f1.a(rcc_common_all.o)
                                       0x764e (size before relaxing)
 .debug_str     0x0000000000010aea     0x24ec /home/wiffel/dev/hardware/stm32/libopencm3-examples/libopencm3/lib/libopencm3_stm32f1.a(vector.o)
                                       0x6575 (size before relaxing)
 .debug_str     0x0000000000012fd6      0x9f0 /home/wiffel/dev/hardware/stm32/libopencm3-examples/libopencm3/lib/libopencm3_stm32f1.a(nvic.o)
                                       0x528a (size before relaxing)

.debug_frame    0x0000000000000000     0x1258
 .debug_frame   0x0000000000000000       0x64 /home/wiffel/dev/hardware/stm32/libopencm3-examples/libopencm3/lib/libopencm3_stm32f1.a(gpio.o)
 .debug_frame   0x0000000000000064       0x80 /home/wiffel/dev/hardware/stm32/libopencm3-examples/libopencm3/lib/libopencm3_stm32f1.a(gpio_common_all.o)
 .debug_frame   0x00000000000000e4      0x238 /home/wiffel/dev/hardware/stm32/libopencm3-examples/libopencm3/lib/libopencm3_stm32f1.a(i2c_common_v1.o)
 .debug_frame   0x000000000000031c      0x4e0 /home/wiffel/dev/hardware/stm32/libopencm3-examples/libopencm3/lib/libopencm3_stm32f1.a(timer_common_all.o)
 .debug_frame   0x00000000000007fc       0xd0 /home/wiffel/dev/hardware/stm32/libopencm3-examples/libopencm3/lib/libopencm3_stm32f1.a(rcc_common_all.o)
 .debug_frame   0x00000000000008cc       0x40 /home/wiffel/dev/hardware/stm32/libopencm3-examples/libopencm3/lib/libopencm3_stm32f1.a(vector.o)
 .debug_frame   0x000000000000090c       0xa0 /home/wiffel/dev/hardware/stm32/libopencm3-examples/libopencm3/lib/libopencm3_stm32f1.a(nvic.o)
 .debug_frame   0x00000000000009ac       0x20 /home/wiffel/bin/gcc-arm-none-eabi/bin/../lib/gcc/arm-none-eabi/7.2.1/../../../../arm-none-eabi/lib/thumb/v7-m/libc.a(lib_a-aeabi_memclr.o)
 .debug_frame   0x00000000000009cc       0x20 /home/wiffel/bin/gcc-arm-none-eabi/bin/../lib/gcc/arm-none-eabi/7.2.1/../../../../arm-none-eabi/lib/thumb/v7-m/libc.a(lib_a-aeabi_memset.o)
 .debug_frame   0x00000000000009ec       0x30 /home/wiffel/bin/gcc-arm-none-eabi/bin/../lib/gcc/arm-none-eabi/7.2.1/../../../../arm-none-eabi/lib/thumb/v7-m/libc.a(lib_a-malloc.o)
 .debug_frame   0x0000000000000a1c       0x4c /home/wiffel/bin/gcc-arm-none-eabi/bin/../lib/gcc/arm-none-eabi/7.2.1/../../../../arm-none-eabi/lib/thumb/v7-m/libc.a(lib_a-mallocr.o)
 .debug_frame   0x0000000000000a68       0x38 /home/wiffel/bin/gcc-arm-none-eabi/bin/../lib/gcc/arm-none-eabi/7.2.1/../../../../arm-none-eabi/lib/thumb/v7-m/libc.a(lib_a-memset.o)
 .debug_frame   0x0000000000000aa0       0x30 /home/wiffel/bin/gcc-arm-none-eabi/bin/../lib/gcc/arm-none-eabi/7.2.1/../../../../arm-none-eabi/lib/thumb/v7-m/libc.a(lib_a-mlock.o)
 .debug_frame   0x0000000000000ad0       0x2c /home/wiffel/bin/gcc-arm-none-eabi/bin/../lib/gcc/arm-none-eabi/7.2.1/../../../../arm-none-eabi/lib/thumb/v7-m/libc.a(lib_a-sbrkr.o)
 .debug_frame   0x0000000000000afc       0x80 /home/wiffel/bin/gcc-arm-none-eabi/bin/../lib/gcc/arm-none-eabi/7.2.1/../../../../arm-none-eabi/lib/thumb/v7-m/libc.a(lib_a-freer.o)
 .debug_frame   0x0000000000000b7c       0xb0 /home/wiffel/bin/gcc-arm-none-eabi/bin/../lib/gcc/arm-none-eabi/7.2.1/../../../../arm-none-eabi/lib/thumb/v7-m/libc.a(lib_a-lock.o)
 .debug_frame   0x0000000000000c2c       0x68 /home/wiffel/bin/gcc-arm-none-eabi/bin/../lib/gcc/arm-none-eabi/7.2.1/../../../../arm-none-eabi/lib/thumb/v7-m/libc.a(lib_a-reent.o)
 .debug_frame   0x0000000000000c94      0x2fc /home/wiffel/bin/gcc-arm-none-eabi/bin/../lib/gcc/arm-none-eabi/7.2.1/thumb/v7-m/libgcc.a(unwind-arm.o)
 .debug_frame   0x0000000000000f90      0x104 /home/wiffel/bin/gcc-arm-none-eabi/bin/../lib/gcc/arm-none-eabi/7.2.1/thumb/v7-m/libgcc.a(pr-support.o)
 .debug_frame   0x0000000000001094       0x20 /home/wiffel/bin/gcc-arm-none-eabi/bin/../lib/gcc/arm-none-eabi/7.2.1/../../../../arm-none-eabi/lib/thumb/v7-m/libnosys.a(sbrk.o)
 .debug_frame   0x00000000000010b4       0x28 /home/wiffel/bin/gcc-arm-none-eabi/bin/../lib/gcc/arm-none-eabi/7.2.1/../../../../arm-none-eabi/lib/thumb/v7-m/libc.a(lib_a-abort.o)
 .debug_frame   0x00000000000010dc       0xe0 /home/wiffel/bin/gcc-arm-none-eabi/bin/../lib/gcc/arm-none-eabi/7.2.1/../../../../arm-none-eabi/lib/thumb/v7-m/libc.a(lib_a-signal.o)
 .debug_frame   0x00000000000011bc       0x3c /home/wiffel/bin/gcc-arm-none-eabi/bin/../lib/gcc/arm-none-eabi/7.2.1/../../../../arm-none-eabi/lib/thumb/v7-m/libc.a(lib_a-signalr.o)
 .debug_frame   0x00000000000011f8       0x20 /home/wiffel/bin/gcc-arm-none-eabi/bin/../lib/gcc/arm-none-eabi/7.2.1/../../../../arm-none-eabi/lib/thumb/v7-m/libnosys.a(getpid.o)
 .debug_frame   0x0000000000001218       0x20 /home/wiffel/bin/gcc-arm-none-eabi/bin/../lib/gcc/arm-none-eabi/7.2.1/../../../../arm-none-eabi/lib/thumb/v7-m/libnosys.a(kill.o)
 .debug_frame   0x0000000000001238       0x20 /home/wiffel/bin/gcc-arm-none-eabi/bin/../lib/gcc/arm-none-eabi/7.2.1/../../../../arm-none-eabi/lib/thumb/v7-m/libnosys.a(_exit.o)

.stab           0x0000000000000000       0x3c
 .stab          0x0000000000000000       0x24 /home/wiffel/bin/gcc-arm-none-eabi/bin/../lib/gcc/arm-none-eabi/7.2.1/../../../../arm-none-eabi/lib/thumb/v7-m/libnosys.a(getpid.o)
 .stab          0x0000000000000024       0x18 /home/wiffel/bin/gcc-arm-none-eabi/bin/../lib/gcc/arm-none-eabi/7.2.1/../../../../arm-none-eabi/lib/thumb/v7-m/libnosys.a(kill.o)
                                         0x24 (size before relaxing)

.stabstr        0x0000000000000000       0x76
 .stabstr       0x0000000000000000       0x76 /home/wiffel/bin/gcc-arm-none-eabi/bin/../lib/gcc/arm-none-eabi/7.2.1/../../../../arm-none-eabi/lib/thumb/v7-m/libnosys.a(getpid.o)

Cross Reference Table

Symbol                                            File
_D3api10ADC2_JOFR1FNcZk                           api.o
_D3api10ADC2_JOFR2FNcZk                           api.o
_D3api10ADC2_JOFR3FNcZk                           api.o
_D3api10ADC2_JOFR4FNcZk                           api.o
_D3api10ADC2_SMPR1FNcZk                           api.o
_D3api10ADC2_SMPR2FNcZk                           api.o
_D3api10ADC3_JOFR1FNcZk                           api.o
_D3api10ADC3_JOFR2FNcZk                           api.o
_D3api10ADC3_JOFR3FNcZk                           api.o
_D3api10ADC3_JOFR4FNcZk                           api.o
_D3api10ADC3_SMPR1FNcZk                           api.o
_D3api10ADC3_SMPR2FNcZk                           api.o
_D3api10adc1_jofR1FNcZk                           api.o
_D3api10adc1_jofR2FNcZk                           api.o
_D3api10adc1_jofR3FNcZk                           api.o
_D3api10adc1_jofR4FNcZk                           api.o
_D3api10adc1_smpR1FNcZk                           api.o
_D3api10adc1_smpR2FNcZk                           api.o
_D3api10dac_dhr8r1FNcZk                           api.o
_D3api10dac_dhr8r2FNcZk                           api.o
_D3api10dac_dhr8rDFNcZk                           api.o
_D3api10scb_fpdscrFNcZk                           api.o
_D3api11BBIO_PERIPHFNcmmZk                        api.o
_D3api11dac_dhr12L1FNcZk                          api.o
_D3api11dac_dhr12L2FNcZk                          api.o
_D3api11dac_dhr12LDFNcZk                          api.o
_D3api11dac_dhr12R1FNcZk                          api.o
_D3api11dac_dhr12R2FNcZk                          api.o
_D3api11dac_dhr12RDFNcZk                          api.o
_D3api11dac_swtriGRFNcZk                          api.o
_D3api11scb_id_afr0FNcZk                          api.o
_D3api11scb_id_dfr0FNcZk                          api.o
_D3api11scb_id_pfr0FNcZk                          api.o
_D3api11scb_id_pfr1FNcZk                          api.o
_D3api12scb_id_isaR0FNcZk                         api.o
_D3api12scb_id_isaR1FNcZk                         api.o
_D3api12scb_id_isaR2FNcZk                         api.o
_D3api12scb_id_isaR3FNcZk                         api.o
_D3api12scb_id_isaR4FNcZk                         api.o
_D3api12scb_id_mmfR0FNcZk                         api.o
_D3api12scb_id_mmfR1FNcZk                         api.o
_D3api12scb_id_mmfR2FNcZk                         api.o
_D3api12scb_id_mmfR3FNcZk                         api.o
_D3api15ADC_JSQR_JL_VALFmZm                       api.o
_D3api16ADC_JSQR_JSQ_VALFmmZm                     api.o
_D3api16DESIG_UNIQUE_ID0FNcZk                     api.o
_D3api16DESIG_UNIQUE_ID1FNcZk                     api.o
_D3api16DESIG_UNIQUE_ID2FNcZk                     api.o
_D3api6ADC_DRFNcmZk                               api.o
_D3api6ADC_SRFNckZk                               api.o
_D3api6CRC_CRFNcZk                                api.o
_D3api6CRC_DRFNcZk                                api.o
_D3api6dac_crFNcZk                                api.o
_D3api7ADC1_SRFNcZk                               api.o
_D3api7ADC2_DRFNcZk                               api.o
_D3api7ADC2_SRFNcZk                               api.o
_D3api7ADC3_DRFNcZk                               api.o
_D3api7ADC3_SRFNcZk                               api.o
_D3api7ADC_CR1FNckZk                              api.o
_D3api7ADC_CR2FNckZk                              api.o
_D3api7ADC_HTRFNcmZk                              api.o
_D3api7ADC_LTRFNcmZk                              api.o
_D3api7CRC_IDRFNcZk                               api.o
_D3api7I2C_SR1FNckZk                              api.o
_D3api7I2C_SR2FNckZk                              api.o
_D3api7RTC_CRHFNcZk                               api.o
_D3api7RTC_CRLFNcZk                               api.o
_D3api7STK_CSRFNcZk                               api.o
_D3api7STK_CVRFNcZk                               api.o
_D3api7STK_RVRFNcZk                               api.o
_D3api7adc1_drFNcZk                               api.o
_D3api8ADC2_CR1FNcZk                              api.o
_D3api8ADC2_CR2FNcZk                              api.o
_D3api8ADC2_HTRFNcZk                              api.o
_D3api8ADC2_LTRFNcZk                              api.o
_D3api8ADC3_CR1FNcZk                              api.o
_D3api8ADC3_CR2FNcZk                              api.o
_D3api8ADC3_HTRFNcZk                              api.o
_D3api8ADC3_LTRFNcZk                              api.o
_D3api8ADC_JDR1FNcmZk                             api.o
_D3api8ADC_JDR2FNcmZk                             api.o
_D3api8ADC_JDR3FNcmZk                             api.o
_D3api8ADC_JDR4FNcmZk                             api.o
_D3api8ADC_JSQRFNcmZk                             api.o
_D3api8ADC_SQR1FNcmZk                             api.o
_D3api8ADC_SQR2FNcmZk                             api.o
_D3api8ADC_SQR3FNcmZk                             api.o
_D3api8RTC_ALRHFNcZk                              api.o
_D3api8RTC_ALRLFNcZk                              api.o
_D3api8RTC_CNTHFNcZk                              api.o
_D3api8RTC_CNTLFNcZk                              api.o
_D3api8RTC_DIVHFNcZk                              api.o
_D3api8RTC_DIVLFNcZk                              api.o
_D3api8RTC_PRLHFNcZk                              api.o
_D3api8RTC_PRLLFNcZk                              api.o
_D3api8_REG_BITFkkZk                              api.o
_D3api8adc1_cr1FNcZk                              api.o
_D3api8adc1_cr2FNcZk                              api.o
_D3api8adc1_htrFNcZk                              api.o
_D3api8adc1_ltrFNcZk                              api.o
_D3api8dac_dor1FNcZk                              api.o
_D3api8dac_dor2FNcZk                              api.o
_D3api8scb_afsrFNcZk                              api.o
_D3api8scb_bfarFNcZk                              api.o
_D3api8scb_cfsrFNcZk                              api.o
_D3api8scb_dfsrFNcZk                              api.o
_D3api8scb_hfsrFNcZk                              api.o
_D3api9ADC2_JDR1FNcZk                             api.o
_D3api9ADC2_JDR2FNcZk                             api.o
_D3api9ADC2_JDR3FNcZk                             api.o
_D3api9ADC2_JDR4FNcZk                             api.o
_D3api9ADC2_JSQRFNcZk                             api.o
_D3api9ADC2_SQR1FNcZk                             api.o
_D3api9ADC2_SQR2FNcZk                             api.o
_D3api9ADC2_SQR3FNcZk                             api.o
_D3api9ADC3_JDR1FNcZk                             api.o
_D3api9ADC3_JDR2FNcZk                             api.o
_D3api9ADC3_JDR3FNcZk                             api.o
_D3api9ADC3_JDR4FNcZk                             api.o
_D3api9ADC3_JSQRFNcZk                             api.o
_D3api9ADC3_SQR1FNcZk                             api.o
_D3api9ADC3_SQR2FNcZk                             api.o
_D3api9ADC3_SQR3FNcZk                             api.o
_D3api9ADC_JOFR1FNcmZk                            api.o
_D3api9ADC_JOFR2FNcmZk                            api.o
_D3api9ADC_JOFR3FNcmZk                            api.o
_D3api9ADC_JOFR4FNcmZk                            api.o
_D3api9ADC_SMPR1FNckZk                            api.o
_D3api9ADC_SMPR2FNckZk                            api.o
_D3api9BBIO_SRAMFNcmmZk                           api.o
_D3api9STK_CALIBFNcZk                             api.o
_D3api9adc1_jdr1FNcZk                             api.o
_D3api9adc1_jdr2FNcZk                             api.o
_D3api9adc1_jdr3FNcZk                             api.o
_D3api9adc1_jdr4FNcZk                             api.o
_D3api9adc1_jsqRFNcZk                             api.o
_D3api9adc1_sqr1FNcZk                             api.o
_D3api9adc1_sqr2FNcZk                             api.o
_D3api9adc1_sqr3FNcZk                             api.o
_D3api9scb_cpacrFNcZk                             api.o
_D3api9scb_fpcarFNcZk                             api.o
_D3api9scb_fpccrFNcZk                             api.o
_D3api9scb_mmfarFNcZk                             api.o
_D3api9scb_mvfr0FNcZk                             api.o
_D3api9scb_mvfr1FNcZk                             api.o
_D3api9scb_shcsrFNcZk                             api.o
_D3api9scb_shpr1FNcZk                             api.o
_D3api9scb_shpr2FNcZk                             api.o
_D3api9scb_shpr3FNcZk                             api.o
_D3api__T4MMIOTkZQiFNaNbNcNimZk                   api.o
_D3std4conv__T8unsignedTiZQmFNaNbNiNfiZk          main.o
_D3std5range10primitives__T6moveAtTSQBiQBh__T4iotaTiTyiZQlFiyiZ6ResultZQBsFNaNbNiNfQBwkZi main.o
_D3std5range10primitives__T8moveBackTSQBkQBj__T4iotaTiTyiZQlFiyiZ6ResultZQBuFNaNbNiNfQBwZi main.o
_D3std5range10primitives__T9moveFrontTSQBlQBk__T4iotaTiTyiZQlFiyiZ6ResultZQBvFNaNbNiNfQBwZi main.o
_D3std5range__T4iotaTiTyiZQlFNaNbNiNfiyiZSQBoQBn__TQBkTiTyiZQBtFiyiZ6Result main.o
_D3std5range__T4iotaTiTyiZQlFiyiZ6Result4backMNgFNaNbNdNiNfZNgi main.o
_D3std5range__T4iotaTiTyiZQlFiyiZ6Result4saveMFNaNbNdNiNfZSQCfQCe__TQCbTiTyiZQCkFiyiZQCa main.o
_D3std5range__T4iotaTiTyiZQlFiyiZ6Result5emptyMxFNaNbNdNiNfZb main.o
_D3std5range__T4iotaTiTyiZQlFiyiZ6Result5frontMNgFNaNbNdNiNfZNgi main.o
_D3std5range__T4iotaTiTyiZQlFiyiZ6Result6__ctorMFNaNbNcNiNfiiZSQCjQCi__TQCfTiTyiZQCoFiyiZQCe main.o
_D3std5range__T4iotaTiTyiZQlFiyiZ6Result6__initZ  main.o
_D3std5range__T4iotaTiTyiZQlFiyiZ6Result6lengthMxFNaNbNdNiNfZk main.o
_D3std5range__T4iotaTiTyiZQlFiyiZ6Result7opIndexMNgFNaNbNiNfkZNgi main.o
_D3std5range__T4iotaTiTyiZQlFiyiZ6Result7opSliceMNgFNaNbNiNfZNgSQCkQCj__TQCgTiTyiZQCpFiyiZQCf main.o
_D3std5range__T4iotaTiTyiZQlFiyiZ6Result7opSliceMNgFNaNbNiNfmmZNgSQCmQCl__TQCiTiTyiZQCrFiyiZQCh main.o
_D3std5range__T4iotaTiTyiZQlFiyiZ6Result7popBackMFNaNbNiNfZv main.o
_D3std5range__T4iotaTiTyiZQlFiyiZ6Result8containsMFNaNbNiNfiZb main.o
_D3std5range__T4iotaTiTyiZQlFiyiZ6Result8popFrontMFNaNbNiNfZv main.o
_D3std5range__T4iotaTiTyiZQlFiyiZ6Result__T13opBinaryRightVAyaa2_696eZQBbMxFNaNbNiNfiZb main.o
_D3std5range__T5chainTS3stdQv__T4iotaTiTyiZQlFiyiZ6ResultTSQBkQCe__T5retroTQCbZQlFQCiZ__TQBnZQBrZQDeFQDbQBuZQCg6__initZ main.o
_D3std5range__T5chainTSQvQt__T4iotaTiTyiZQlFiyiZ6ResultTSQCdQCc__T5retroTQBzZQlFQCgZ__TQBnZQBrZQDcFNaNbNiNfQDhQCcZSQEjQEi__TQEfTQEcTQCyZQErFQEoQDjZQDv main.o
_D3std5range__T5chainTSQvQt__T4iotaTiTyiZQlFiyiZ6ResultTSQCdQCc__T5retroTQBzZQlFQCgZ__TQBnZQBrZQDcFQCzQBuZQCg4backMFNaNbNdNiNfZi main.o
_D3std5range__T5chainTSQvQt__T4iotaTiTyiZQlFiyiZ6ResultTSQCdQCc__T5retroTQBzZQlFQCgZ__TQBnZQBrZQDcFQCzQBuZQCg4saveMFNaNbNdNiNfZSQEwQEv__TQEsTQEpTQDlZQFeFQFbQDwZQEi main.o
_D3std5range__T5chainTSQvQt__T4iotaTiTyiZQlFiyiZ6ResultTSQCdQCc__T5retroTQBzZQlFQCgZ__TQBnZQBrZQDcFQCzQBuZQCg5emptyMFNaNbNdNiNfZb main.o
_D3std5range__T5chainTSQvQt__T4iotaTiTyiZQlFiyiZ6ResultTSQCdQCc__T5retroTQBzZQlFQCgZ__TQBnZQBrZQDcFQCzQBuZQCg5frontMFNaNbNdNiNfZi main.o
_D3std5range__T5chainTSQvQt__T4iotaTiTyiZQlFiyiZ6ResultTSQCdQCc__T5retroTQBzZQlFQCgZ__TQBnZQBrZQDcFQCzQBuZQCg6__ctorMFNaNbNcNiNfQEcQCxZSQFeQFd__TQFaTQExTQDtZQFmFQFjQEeZQEq main.o
_D3std5range__T5chainTSQvQt__T4iotaTiTyiZQlFiyiZ6ResultTSQCdQCc__T5retroTQBzZQlFQCgZ__TQBnZQBrZQDcFQCzQBuZQCg6fixRefFNaNbNiNfiZi main.o
_D3std5range__T5chainTSQvQt__T4iotaTiTyiZQlFiyiZ6ResultTSQCdQCc__T5retroTQBzZQlFQCgZ__TQBnZQBrZQDcFQCzQBuZQCg6lengthMFNaNbNdNiNfZk main.o
_D3std5range__T5chainTSQvQt__T4iotaTiTyiZQlFiyiZ6ResultTSQCdQCc__T5retroTQBzZQlFQCgZ__TQBnZQBrZQDcFQCzQBuZQCg6moveAtMFNaNbNiNfkZi main.o
_D3std5range__T5chainTSQvQt__T4iotaTiTyiZQlFiyiZ6ResultTSQCdQCc__T5retroTQBzZQlFQCgZ__TQBnZQBrZQDcFQCzQBuZQCg7opIndexMFNaNbNiNfkZi main.o
_D3std5range__T5chainTSQvQt__T4iotaTiTyiZQlFiyiZ6ResultTSQCdQCc__T5retroTQBzZQlFQCgZ__TQBnZQBrZQDcFQCzQBuZQCg7opSliceMFNaNbNiNfkkZSQEzQEy__TQEvTQEsTQDoZQFhFQFeQDzZQEl main.o
_D3std5range__T5chainTSQvQt__T4iotaTiTyiZQlFiyiZ6ResultTSQCdQCc__T5retroTQBzZQlFQCgZ__TQBnZQBrZQDcFQCzQBuZQCg7popBackMFNaNbNiNfZv main.o
_D3std5range__T5chainTSQvQt__T4iotaTiTyiZQlFiyiZ6ResultTSQCdQCc__T5retroTQBzZQlFQCgZ__TQBnZQBrZQDcFQCzQBuZQCg8moveBackMFNaNbNiNfZi main.o
_D3std5range__T5chainTSQvQt__T4iotaTiTyiZQlFiyiZ6ResultTSQCdQCc__T5retroTQBzZQlFQCgZ__TQBnZQBrZQDcFQCzQBuZQCg8popFrontMFNaNbNiNfZv main.o
_D3std5range__T5chainTSQvQt__T4iotaTiTyiZQlFiyiZ6ResultTSQCdQCc__T5retroTQBzZQlFQCgZ__TQBnZQBrZQDcFQCzQBuZQCg9moveFrontMFNaNbNiNfZi main.o
_D3std5range__T5retroTS3stdQv__T4iotaTiTyiZQlFiyiZ6ResultZQBrFQBoZ__TQtZQw6__initZ main.o
_D3std5range__T5retroTSQvQt__T4iotaTiTyiZQlFiyiZ6ResultZQBpFNaNbNiNfQBuZSQCtQCs__TQCpTQCmZQCxFQCuZ__TQCbZQCf main.o
_D3std5range__T5retroTSQvQt__T4iotaTiTyiZQlFiyiZ6ResultZQBpFQBmZ__TQtZQw10retroIndexMFNaNbNiNfkZk main.o
_D3std5range__T5retroTSQvQt__T4iotaTiTyiZQlFiyiZ6ResultZQBpFQBmZ__TQtZQw4backMFNaNbNdNiNfZi main.o
_D3std5range__T5retroTSQvQt__T4iotaTiTyiZQlFiyiZ6ResultZQBpFQBmZ__TQtZQw4saveMFNaNbNdNiNfZSQDlQDk__TQDhTQDeZQDpFQDmZ__TQCtZQCx main.o
_D3std5range__T5retroTSQvQt__T4iotaTiTyiZQlFiyiZ6ResultZQBpFQBmZ__TQtZQw5emptyMFNaNbNdNiNfZb main.o
_D3std5range__T5retroTSQvQt__T4iotaTiTyiZQlFiyiZ6ResultZQBpFQBmZ__TQtZQw5frontMFNaNbNdNiNfZi main.o
_D3std5range__T5retroTSQvQt__T4iotaTiTyiZQlFiyiZ6ResultZQBpFQBmZ__TQtZQw6lengthMFNaNbNdNiNfZk main.o
_D3std5range__T5retroTSQvQt__T4iotaTiTyiZQlFiyiZ6ResultZQBpFQBmZ__TQtZQw6moveAtMFNaNbNiNfkZi main.o
_D3std5range__T5retroTSQvQt__T4iotaTiTyiZQlFiyiZ6ResultZQBpFQBmZ__TQtZQw7opIndexMFNaNbNiNfkZi main.o
_D3std5range__T5retroTSQvQt__T4iotaTiTyiZQlFiyiZ6ResultZQBpFQBmZ__TQtZQw7opSliceMFNaNbNiNfkkZSQDoQDn__TQDkTQDhZQDsFQDpZ__TQCwZQDa main.o
_D3std5range__T5retroTSQvQt__T4iotaTiTyiZQlFiyiZ6ResultZQBpFQBmZ__TQtZQw7popBackMFNaNbNiNfZv main.o
_D3std5range__T5retroTSQvQt__T4iotaTiTyiZQlFiyiZ6ResultZQBpFQBmZ__TQtZQw8moveBackMFNaNbNiNfZi main.o
_D3std5range__T5retroTSQvQt__T4iotaTiTyiZQlFiyiZ6ResultZQBpFQBmZ__TQtZQw8popFrontMFNaNbNiNfZv main.o
_D3std5range__T5retroTSQvQt__T4iotaTiTyiZQlFiyiZ6ResultZQBpFQBmZ__TQtZQw9moveFrontMFNaNbNiNfZi main.o
_D4main10timerSetupFZv                            main.o
_D4main2IO2onMFZv                                 main.o
_D4main2IO3offMFZv                                main.o
_D4main2IO6__ctorMFNcktiZSQyQv                    main.o
_D4main2IO6__initZ                                main.o
_D4main3Gfx5clearMFZv                             main.o
_D4main3Gfx6__ctorMFNciiZSQyQv                    main.o
_D4main3Gfx6__initZ                               main.o
_D4main3Gfx8fillRectMFiiiiiZv                     main.o
_D4main3Gfx9drawPixelMFiiiZv                      main.o
_D4main4testFKSQn2IOiZv                           main.o
_D4main4testFKSQn7SSD1306Z7drawingMFiZv           main.o
_D4main4testFKSQn7SSD1306Zv                       main.o
_D4main7SSD13065resetMFZv                         main.o
_D4main7SSD13066__ctorMFNciikhktiZSQBhQBf         main.o
_D4main7SSD13066__initZ                           main.o
_D4main7SSD13066turnOnMFZv                        main.o
_D4main7SSD13067commandMFAhXv                     main.o
_D4main7SSD13067refreshMFZv                       main.o
_D4main7SSD13067turnOffMFZv                       main.o
_D4main7SSD13068i2cSetupMFZv                      main.o
_D4main7sleepMsFiZv                               main.o
_D4main8ledStateOb                                main.o
_D4main8waveTestFKSQr2IOiZ5onOffMFiZv             main.o
_D4main8waveTestFKSQr2IOiZv                       main.o
_Unwind_Backtrace                                 /home/wiffel/bin/gcc-arm-none-eabi/bin/../lib/gcc/arm-none-eabi/7.2.1/thumb/v7-m/libgcc.a(libunwind.o)
_Unwind_Complete                                  /home/wiffel/bin/gcc-arm-none-eabi/bin/../lib/gcc/arm-none-eabi/7.2.1/thumb/v7-m/libgcc.a(unwind-arm.o)
_Unwind_DeleteException                           /home/wiffel/bin/gcc-arm-none-eabi/bin/../lib/gcc/arm-none-eabi/7.2.1/thumb/v7-m/libgcc.a(unwind-arm.o)
_Unwind_ForcedUnwind                              /home/wiffel/bin/gcc-arm-none-eabi/bin/../lib/gcc/arm-none-eabi/7.2.1/thumb/v7-m/libgcc.a(libunwind.o)
_Unwind_GetCFA                                    /home/wiffel/bin/gcc-arm-none-eabi/bin/../lib/gcc/arm-none-eabi/7.2.1/thumb/v7-m/libgcc.a(unwind-arm.o)
_Unwind_GetDataRelBase                            /home/wiffel/bin/gcc-arm-none-eabi/bin/../lib/gcc/arm-none-eabi/7.2.1/thumb/v7-m/libgcc.a(pr-support.o)
_Unwind_GetLanguageSpecificData                   /home/wiffel/bin/gcc-arm-none-eabi/bin/../lib/gcc/arm-none-eabi/7.2.1/thumb/v7-m/libgcc.a(pr-support.o)
_Unwind_GetRegionStart                            /home/wiffel/bin/gcc-arm-none-eabi/bin/../lib/gcc/arm-none-eabi/7.2.1/thumb/v7-m/libgcc.a(pr-support.o)
_Unwind_GetTextRelBase                            /home/wiffel/bin/gcc-arm-none-eabi/bin/../lib/gcc/arm-none-eabi/7.2.1/thumb/v7-m/libgcc.a(pr-support.o)
_Unwind_RaiseException                            /home/wiffel/bin/gcc-arm-none-eabi/bin/../lib/gcc/arm-none-eabi/7.2.1/thumb/v7-m/libgcc.a(libunwind.o)
_Unwind_Resume                                    /home/wiffel/bin/gcc-arm-none-eabi/bin/../lib/gcc/arm-none-eabi/7.2.1/thumb/v7-m/libgcc.a(libunwind.o)
_Unwind_Resume_or_Rethrow                         /home/wiffel/bin/gcc-arm-none-eabi/bin/../lib/gcc/arm-none-eabi/7.2.1/thumb/v7-m/libgcc.a(libunwind.o)
_Unwind_VRS_Get                                   /home/wiffel/bin/gcc-arm-none-eabi/bin/../lib/gcc/arm-none-eabi/7.2.1/thumb/v7-m/libgcc.a(unwind-arm.o)
                                                  /home/wiffel/bin/gcc-arm-none-eabi/bin/../lib/gcc/arm-none-eabi/7.2.1/thumb/v7-m/libgcc.a(pr-support.o)
_Unwind_VRS_Pop                                   /home/wiffel/bin/gcc-arm-none-eabi/bin/../lib/gcc/arm-none-eabi/7.2.1/thumb/v7-m/libgcc.a(unwind-arm.o)
                                                  /home/wiffel/bin/gcc-arm-none-eabi/bin/../lib/gcc/arm-none-eabi/7.2.1/thumb/v7-m/libgcc.a(pr-support.o)
_Unwind_VRS_Set                                   /home/wiffel/bin/gcc-arm-none-eabi/bin/../lib/gcc/arm-none-eabi/7.2.1/thumb/v7-m/libgcc.a(unwind-arm.o)
                                                  /home/wiffel/bin/gcc-arm-none-eabi/bin/../lib/gcc/arm-none-eabi/7.2.1/thumb/v7-m/libgcc.a(pr-support.o)
___Unwind_Backtrace                               /home/wiffel/bin/gcc-arm-none-eabi/bin/../lib/gcc/arm-none-eabi/7.2.1/thumb/v7-m/libgcc.a(libunwind.o)
___Unwind_ForcedUnwind                            /home/wiffel/bin/gcc-arm-none-eabi/bin/../lib/gcc/arm-none-eabi/7.2.1/thumb/v7-m/libgcc.a(libunwind.o)
___Unwind_RaiseException                          /home/wiffel/bin/gcc-arm-none-eabi/bin/../lib/gcc/arm-none-eabi/7.2.1/thumb/v7-m/libgcc.a(libunwind.o)
___Unwind_Resume                                  /home/wiffel/bin/gcc-arm-none-eabi/bin/../lib/gcc/arm-none-eabi/7.2.1/thumb/v7-m/libgcc.a(libunwind.o)
___Unwind_Resume_or_Rethrow                       /home/wiffel/bin/gcc-arm-none-eabi/bin/../lib/gcc/arm-none-eabi/7.2.1/thumb/v7-m/libgcc.a(libunwind.o)
__aeabi_memclr                                    /home/wiffel/bin/gcc-arm-none-eabi/bin/../lib/gcc/arm-none-eabi/7.2.1/../../../../arm-none-eabi/lib/thumb/v7-m/libc.a(lib_a-aeabi_memclr.o)
                                                  main.o
__aeabi_memclr4                                   /home/wiffel/bin/gcc-arm-none-eabi/bin/../lib/gcc/arm-none-eabi/7.2.1/../../../../arm-none-eabi/lib/thumb/v7-m/libc.a(lib_a-aeabi_memclr.o)
__aeabi_memclr8                                   /home/wiffel/bin/gcc-arm-none-eabi/bin/../lib/gcc/arm-none-eabi/7.2.1/../../../../arm-none-eabi/lib/thumb/v7-m/libc.a(lib_a-aeabi_memclr.o)
__aeabi_memset                                    /home/wiffel/bin/gcc-arm-none-eabi/bin/../lib/gcc/arm-none-eabi/7.2.1/../../../../arm-none-eabi/lib/thumb/v7-m/libc.a(lib_a-aeabi_memset.o)
                                                  /home/wiffel/bin/gcc-arm-none-eabi/bin/../lib/gcc/arm-none-eabi/7.2.1/../../../../arm-none-eabi/lib/thumb/v7-m/libc.a(lib_a-aeabi_memclr.o)
__aeabi_memset4                                   /home/wiffel/bin/gcc-arm-none-eabi/bin/../lib/gcc/arm-none-eabi/7.2.1/../../../../arm-none-eabi/lib/thumb/v7-m/libc.a(lib_a-aeabi_memset.o)
__aeabi_memset8                                   /home/wiffel/bin/gcc-arm-none-eabi/bin/../lib/gcc/arm-none-eabi/7.2.1/../../../../arm-none-eabi/lib/thumb/v7-m/libc.a(lib_a-aeabi_memset.o)
__aeabi_unwind_cpp_pr0                            /home/wiffel/bin/gcc-arm-none-eabi/bin/../lib/gcc/arm-none-eabi/7.2.1/thumb/v7-m/libgcc.a(unwind-arm.o)
                                                  /home/wiffel/bin/gcc-arm-none-eabi/bin/../lib/gcc/arm-none-eabi/7.2.1/thumb/v7-m/libgcc.a(pr-support.o)
                                                  api.o
                                                  main.o
__aeabi_unwind_cpp_pr1                            /home/wiffel/bin/gcc-arm-none-eabi/bin/../lib/gcc/arm-none-eabi/7.2.1/thumb/v7-m/libgcc.a(unwind-arm.o)
                                                  /home/wiffel/bin/gcc-arm-none-eabi/bin/../lib/gcc/arm-none-eabi/7.2.1/thumb/v7-m/libgcc.a(pr-support.o)
__aeabi_unwind_cpp_pr2                            /home/wiffel/bin/gcc-arm-none-eabi/bin/../lib/gcc/arm-none-eabi/7.2.1/thumb/v7-m/libgcc.a(unwind-arm.o)
__cxa_begin_cleanup                               /home/wiffel/bin/gcc-arm-none-eabi/bin/../lib/gcc/arm-none-eabi/7.2.1/thumb/v7-m/libgcc.a(unwind-arm.o)
__cxa_call_unexpected                             /home/wiffel/bin/gcc-arm-none-eabi/bin/../lib/gcc/arm-none-eabi/7.2.1/thumb/v7-m/libgcc.a(unwind-arm.o)
__cxa_type_match                                  /home/wiffel/bin/gcc-arm-none-eabi/bin/../lib/gcc/arm-none-eabi/7.2.1/thumb/v7-m/libgcc.a(unwind-arm.o)
__exidx_end                                       /home/wiffel/bin/gcc-arm-none-eabi/bin/../lib/gcc/arm-none-eabi/7.2.1/thumb/v7-m/libgcc.a(unwind-arm.o)
__exidx_start                                     /home/wiffel/bin/gcc-arm-none-eabi/bin/../lib/gcc/arm-none-eabi/7.2.1/thumb/v7-m/libgcc.a(unwind-arm.o)
__fini_array_end                                  /home/wiffel/dev/hardware/stm32/libopencm3-examples/libopencm3/lib/libopencm3_stm32f1.a(vector.o)
__fini_array_start                                /home/wiffel/dev/hardware/stm32/libopencm3-examples/libopencm3/lib/libopencm3_stm32f1.a(vector.o)
__gnu_Unwind_Backtrace                            /home/wiffel/bin/gcc-arm-none-eabi/bin/../lib/gcc/arm-none-eabi/7.2.1/thumb/v7-m/libgcc.a(unwind-arm.o)
                                                  /home/wiffel/bin/gcc-arm-none-eabi/bin/../lib/gcc/arm-none-eabi/7.2.1/thumb/v7-m/libgcc.a(libunwind.o)
__gnu_Unwind_Find_exidx                           /home/wiffel/bin/gcc-arm-none-eabi/bin/../lib/gcc/arm-none-eabi/7.2.1/thumb/v7-m/libgcc.a(unwind-arm.o)
__gnu_Unwind_ForcedUnwind                         /home/wiffel/bin/gcc-arm-none-eabi/bin/../lib/gcc/arm-none-eabi/7.2.1/thumb/v7-m/libgcc.a(unwind-arm.o)
                                                  /home/wiffel/bin/gcc-arm-none-eabi/bin/../lib/gcc/arm-none-eabi/7.2.1/thumb/v7-m/libgcc.a(libunwind.o)
__gnu_Unwind_RaiseException                       /home/wiffel/bin/gcc-arm-none-eabi/bin/../lib/gcc/arm-none-eabi/7.2.1/thumb/v7-m/libgcc.a(unwind-arm.o)
                                                  /home/wiffel/bin/gcc-arm-none-eabi/bin/../lib/gcc/arm-none-eabi/7.2.1/thumb/v7-m/libgcc.a(libunwind.o)
__gnu_Unwind_Restore_VFP                          /home/wiffel/bin/gcc-arm-none-eabi/bin/../lib/gcc/arm-none-eabi/7.2.1/thumb/v7-m/libgcc.a(libunwind.o)
                                                  /home/wiffel/bin/gcc-arm-none-eabi/bin/../lib/gcc/arm-none-eabi/7.2.1/thumb/v7-m/libgcc.a(unwind-arm.o)
__gnu_Unwind_Restore_VFP_D                        /home/wiffel/bin/gcc-arm-none-eabi/bin/../lib/gcc/arm-none-eabi/7.2.1/thumb/v7-m/libgcc.a(libunwind.o)
                                                  /home/wiffel/bin/gcc-arm-none-eabi/bin/../lib/gcc/arm-none-eabi/7.2.1/thumb/v7-m/libgcc.a(unwind-arm.o)
__gnu_Unwind_Restore_VFP_D_16_to_31               /home/wiffel/bin/gcc-arm-none-eabi/bin/../lib/gcc/arm-none-eabi/7.2.1/thumb/v7-m/libgcc.a(libunwind.o)
                                                  /home/wiffel/bin/gcc-arm-none-eabi/bin/../lib/gcc/arm-none-eabi/7.2.1/thumb/v7-m/libgcc.a(unwind-arm.o)
__gnu_Unwind_Restore_WMMXC                        /home/wiffel/bin/gcc-arm-none-eabi/bin/../lib/gcc/arm-none-eabi/7.2.1/thumb/v7-m/libgcc.a(libunwind.o)
                                                  /home/wiffel/bin/gcc-arm-none-eabi/bin/../lib/gcc/arm-none-eabi/7.2.1/thumb/v7-m/libgcc.a(unwind-arm.o)
__gnu_Unwind_Restore_WMMXD                        /home/wiffel/bin/gcc-arm-none-eabi/bin/../lib/gcc/arm-none-eabi/7.2.1/thumb/v7-m/libgcc.a(libunwind.o)
                                                  /home/wiffel/bin/gcc-arm-none-eabi/bin/../lib/gcc/arm-none-eabi/7.2.1/thumb/v7-m/libgcc.a(unwind-arm.o)
__gnu_Unwind_Resume                               /home/wiffel/bin/gcc-arm-none-eabi/bin/../lib/gcc/arm-none-eabi/7.2.1/thumb/v7-m/libgcc.a(unwind-arm.o)
                                                  /home/wiffel/bin/gcc-arm-none-eabi/bin/../lib/gcc/arm-none-eabi/7.2.1/thumb/v7-m/libgcc.a(libunwind.o)
__gnu_Unwind_Resume_or_Rethrow                    /home/wiffel/bin/gcc-arm-none-eabi/bin/../lib/gcc/arm-none-eabi/7.2.1/thumb/v7-m/libgcc.a(unwind-arm.o)
                                                  /home/wiffel/bin/gcc-arm-none-eabi/bin/../lib/gcc/arm-none-eabi/7.2.1/thumb/v7-m/libgcc.a(libunwind.o)
__gnu_Unwind_Save_VFP                             /home/wiffel/bin/gcc-arm-none-eabi/bin/../lib/gcc/arm-none-eabi/7.2.1/thumb/v7-m/libgcc.a(libunwind.o)
                                                  /home/wiffel/bin/gcc-arm-none-eabi/bin/../lib/gcc/arm-none-eabi/7.2.1/thumb/v7-m/libgcc.a(unwind-arm.o)
__gnu_Unwind_Save_VFP_D                           /home/wiffel/bin/gcc-arm-none-eabi/bin/../lib/gcc/arm-none-eabi/7.2.1/thumb/v7-m/libgcc.a(libunwind.o)
                                                  /home/wiffel/bin/gcc-arm-none-eabi/bin/../lib/gcc/arm-none-eabi/7.2.1/thumb/v7-m/libgcc.a(unwind-arm.o)
__gnu_Unwind_Save_VFP_D_16_to_31                  /home/wiffel/bin/gcc-arm-none-eabi/bin/../lib/gcc/arm-none-eabi/7.2.1/thumb/v7-m/libgcc.a(libunwind.o)
                                                  /home/wiffel/bin/gcc-arm-none-eabi/bin/../lib/gcc/arm-none-eabi/7.2.1/thumb/v7-m/libgcc.a(unwind-arm.o)
__gnu_Unwind_Save_WMMXC                           /home/wiffel/bin/gcc-arm-none-eabi/bin/../lib/gcc/arm-none-eabi/7.2.1/thumb/v7-m/libgcc.a(libunwind.o)
                                                  /home/wiffel/bin/gcc-arm-none-eabi/bin/../lib/gcc/arm-none-eabi/7.2.1/thumb/v7-m/libgcc.a(unwind-arm.o)
__gnu_Unwind_Save_WMMXD                           /home/wiffel/bin/gcc-arm-none-eabi/bin/../lib/gcc/arm-none-eabi/7.2.1/thumb/v7-m/libgcc.a(libunwind.o)
                                                  /home/wiffel/bin/gcc-arm-none-eabi/bin/../lib/gcc/arm-none-eabi/7.2.1/thumb/v7-m/libgcc.a(unwind-arm.o)
__gnu_unwind_execute                              /home/wiffel/bin/gcc-arm-none-eabi/bin/../lib/gcc/arm-none-eabi/7.2.1/thumb/v7-m/libgcc.a(pr-support.o)
                                                  /home/wiffel/bin/gcc-arm-none-eabi/bin/../lib/gcc/arm-none-eabi/7.2.1/thumb/v7-m/libgcc.a(unwind-arm.o)
__gnu_unwind_frame                                /home/wiffel/bin/gcc-arm-none-eabi/bin/../lib/gcc/arm-none-eabi/7.2.1/thumb/v7-m/libgcc.a(pr-support.o)
__init_array_end                                  /home/wiffel/dev/hardware/stm32/libopencm3-examples/libopencm3/lib/libopencm3_stm32f1.a(vector.o)
__init_array_start                                /home/wiffel/dev/hardware/stm32/libopencm3-examples/libopencm3/lib/libopencm3_stm32f1.a(vector.o)
__lock___arc4random_mutex                         /home/wiffel/bin/gcc-arm-none-eabi/bin/../lib/gcc/arm-none-eabi/7.2.1/../../../../arm-none-eabi/lib/thumb/v7-m/libc.a(lib_a-lock.o)
__lock___at_quick_exit_mutex                      /home/wiffel/bin/gcc-arm-none-eabi/bin/../lib/gcc/arm-none-eabi/7.2.1/../../../../arm-none-eabi/lib/thumb/v7-m/libc.a(lib_a-lock.o)
__lock___atexit_recursive_mutex                   /home/wiffel/bin/gcc-arm-none-eabi/bin/../lib/gcc/arm-none-eabi/7.2.1/../../../../arm-none-eabi/lib/thumb/v7-m/libc.a(lib_a-lock.o)
__lock___dd_hash_mutex                            /home/wiffel/bin/gcc-arm-none-eabi/bin/../lib/gcc/arm-none-eabi/7.2.1/../../../../arm-none-eabi/lib/thumb/v7-m/libc.a(lib_a-lock.o)
__lock___env_recursive_mutex                      /home/wiffel/bin/gcc-arm-none-eabi/bin/../lib/gcc/arm-none-eabi/7.2.1/../../../../arm-none-eabi/lib/thumb/v7-m/libc.a(lib_a-lock.o)
__lock___malloc_recursive_mutex                   /home/wiffel/bin/gcc-arm-none-eabi/bin/../lib/gcc/arm-none-eabi/7.2.1/../../../../arm-none-eabi/lib/thumb/v7-m/libc.a(lib_a-lock.o)
                                                  /home/wiffel/bin/gcc-arm-none-eabi/bin/../lib/gcc/arm-none-eabi/7.2.1/../../../../arm-none-eabi/lib/thumb/v7-m/libc.a(lib_a-mlock.o)
__lock___sfp_recursive_mutex                      /home/wiffel/bin/gcc-arm-none-eabi/bin/../lib/gcc/arm-none-eabi/7.2.1/../../../../arm-none-eabi/lib/thumb/v7-m/libc.a(lib_a-lock.o)
__lock___sinit_recursive_mutex                    /home/wiffel/bin/gcc-arm-none-eabi/bin/../lib/gcc/arm-none-eabi/7.2.1/../../../../arm-none-eabi/lib/thumb/v7-m/libc.a(lib_a-lock.o)
__lock___tz_mutex                                 /home/wiffel/bin/gcc-arm-none-eabi/bin/../lib/gcc/arm-none-eabi/7.2.1/../../../../arm-none-eabi/lib/thumb/v7-m/libc.a(lib_a-lock.o)
__malloc_av_                                      /home/wiffel/bin/gcc-arm-none-eabi/bin/../lib/gcc/arm-none-eabi/7.2.1/../../../../arm-none-eabi/lib/thumb/v7-m/libc.a(lib_a-mallocr.o)
                                                  /home/wiffel/bin/gcc-arm-none-eabi/bin/../lib/gcc/arm-none-eabi/7.2.1/../../../../arm-none-eabi/lib/thumb/v7-m/libc.a(lib_a-freer.o)
__malloc_current_mallinfo                         /home/wiffel/bin/gcc-arm-none-eabi/bin/../lib/gcc/arm-none-eabi/7.2.1/../../../../arm-none-eabi/lib/thumb/v7-m/libc.a(lib_a-mallocr.o)
                                                  /home/wiffel/bin/gcc-arm-none-eabi/bin/../lib/gcc/arm-none-eabi/7.2.1/../../../../arm-none-eabi/lib/thumb/v7-m/libc.a(lib_a-freer.o)
__malloc_lock                                     /home/wiffel/bin/gcc-arm-none-eabi/bin/../lib/gcc/arm-none-eabi/7.2.1/../../../../arm-none-eabi/lib/thumb/v7-m/libc.a(lib_a-mlock.o)
                                                  /home/wiffel/bin/gcc-arm-none-eabi/bin/../lib/gcc/arm-none-eabi/7.2.1/../../../../arm-none-eabi/lib/thumb/v7-m/libc.a(lib_a-freer.o)
                                                  /home/wiffel/bin/gcc-arm-none-eabi/bin/../lib/gcc/arm-none-eabi/7.2.1/../../../../arm-none-eabi/lib/thumb/v7-m/libc.a(lib_a-mallocr.o)
__malloc_max_sbrked_mem                           /home/wiffel/bin/gcc-arm-none-eabi/bin/../lib/gcc/arm-none-eabi/7.2.1/../../../../arm-none-eabi/lib/thumb/v7-m/libc.a(lib_a-mallocr.o)
__malloc_max_total_mem                            /home/wiffel/bin/gcc-arm-none-eabi/bin/../lib/gcc/arm-none-eabi/7.2.1/../../../../arm-none-eabi/lib/thumb/v7-m/libc.a(lib_a-mallocr.o)
__malloc_sbrk_base                                /home/wiffel/bin/gcc-arm-none-eabi/bin/../lib/gcc/arm-none-eabi/7.2.1/../../../../arm-none-eabi/lib/thumb/v7-m/libc.a(lib_a-mallocr.o)
                                                  /home/wiffel/bin/gcc-arm-none-eabi/bin/../lib/gcc/arm-none-eabi/7.2.1/../../../../arm-none-eabi/lib/thumb/v7-m/libc.a(lib_a-freer.o)
__malloc_top_pad                                  /home/wiffel/bin/gcc-arm-none-eabi/bin/../lib/gcc/arm-none-eabi/7.2.1/../../../../arm-none-eabi/lib/thumb/v7-m/libc.a(lib_a-mallocr.o)
                                                  /home/wiffel/bin/gcc-arm-none-eabi/bin/../lib/gcc/arm-none-eabi/7.2.1/../../../../arm-none-eabi/lib/thumb/v7-m/libc.a(lib_a-freer.o)
__malloc_trim_threshold                           /home/wiffel/bin/gcc-arm-none-eabi/bin/../lib/gcc/arm-none-eabi/7.2.1/../../../../arm-none-eabi/lib/thumb/v7-m/libc.a(lib_a-mallocr.o)
                                                  /home/wiffel/bin/gcc-arm-none-eabi/bin/../lib/gcc/arm-none-eabi/7.2.1/../../../../arm-none-eabi/lib/thumb/v7-m/libc.a(lib_a-freer.o)
__malloc_unlock                                   /home/wiffel/bin/gcc-arm-none-eabi/bin/../lib/gcc/arm-none-eabi/7.2.1/../../../../arm-none-eabi/lib/thumb/v7-m/libc.a(lib_a-mlock.o)
                                                  /home/wiffel/bin/gcc-arm-none-eabi/bin/../lib/gcc/arm-none-eabi/7.2.1/../../../../arm-none-eabi/lib/thumb/v7-m/libc.a(lib_a-freer.o)
                                                  /home/wiffel/bin/gcc-arm-none-eabi/bin/../lib/gcc/arm-none-eabi/7.2.1/../../../../arm-none-eabi/lib/thumb/v7-m/libc.a(lib_a-mallocr.o)
__preinit_array_end                               /home/wiffel/dev/hardware/stm32/libopencm3-examples/libopencm3/lib/libopencm3_stm32f1.a(vector.o)
__preinit_array_start                             /home/wiffel/dev/hardware/stm32/libopencm3-examples/libopencm3/lib/libopencm3_stm32f1.a(vector.o)
__restore_core_regs                               /home/wiffel/bin/gcc-arm-none-eabi/bin/../lib/gcc/arm-none-eabi/7.2.1/thumb/v7-m/libgcc.a(libunwind.o)
__retarget_lock_acquire                           /home/wiffel/bin/gcc-arm-none-eabi/bin/../lib/gcc/arm-none-eabi/7.2.1/../../../../arm-none-eabi/lib/thumb/v7-m/libc.a(lib_a-lock.o)
__retarget_lock_acquire_recursive                 /home/wiffel/bin/gcc-arm-none-eabi/bin/../lib/gcc/arm-none-eabi/7.2.1/../../../../arm-none-eabi/lib/thumb/v7-m/libc.a(lib_a-lock.o)
                                                  /home/wiffel/bin/gcc-arm-none-eabi/bin/../lib/gcc/arm-none-eabi/7.2.1/../../../../arm-none-eabi/lib/thumb/v7-m/libc.a(lib_a-mlock.o)
__retarget_lock_close                             /home/wiffel/bin/gcc-arm-none-eabi/bin/../lib/gcc/arm-none-eabi/7.2.1/../../../../arm-none-eabi/lib/thumb/v7-m/libc.a(lib_a-lock.o)
__retarget_lock_close_recursive                   /home/wiffel/bin/gcc-arm-none-eabi/bin/../lib/gcc/arm-none-eabi/7.2.1/../../../../arm-none-eabi/lib/thumb/v7-m/libc.a(lib_a-lock.o)
__retarget_lock_init                              /home/wiffel/bin/gcc-arm-none-eabi/bin/../lib/gcc/arm-none-eabi/7.2.1/../../../../arm-none-eabi/lib/thumb/v7-m/libc.a(lib_a-lock.o)
__retarget_lock_init_recursive                    /home/wiffel/bin/gcc-arm-none-eabi/bin/../lib/gcc/arm-none-eabi/7.2.1/../../../../arm-none-eabi/lib/thumb/v7-m/libc.a(lib_a-lock.o)
__retarget_lock_release                           /home/wiffel/bin/gcc-arm-none-eabi/bin/../lib/gcc/arm-none-eabi/7.2.1/../../../../arm-none-eabi/lib/thumb/v7-m/libc.a(lib_a-lock.o)
__retarget_lock_release_recursive                 /home/wiffel/bin/gcc-arm-none-eabi/bin/../lib/gcc/arm-none-eabi/7.2.1/../../../../arm-none-eabi/lib/thumb/v7-m/libc.a(lib_a-lock.o)
                                                  /home/wiffel/bin/gcc-arm-none-eabi/bin/../lib/gcc/arm-none-eabi/7.2.1/../../../../arm-none-eabi/lib/thumb/v7-m/libc.a(lib_a-mlock.o)
__retarget_lock_try_acquire                       /home/wiffel/bin/gcc-arm-none-eabi/bin/../lib/gcc/arm-none-eabi/7.2.1/../../../../arm-none-eabi/lib/thumb/v7-m/libc.a(lib_a-lock.o)
__retarget_lock_try_acquire_recursive             /home/wiffel/bin/gcc-arm-none-eabi/bin/../lib/gcc/arm-none-eabi/7.2.1/../../../../arm-none-eabi/lib/thumb/v7-m/libc.a(lib_a-lock.o)
__sigtramp                                        /home/wiffel/bin/gcc-arm-none-eabi/bin/../lib/gcc/arm-none-eabi/7.2.1/../../../../arm-none-eabi/lib/thumb/v7-m/libc.a(lib_a-signal.o)
__sigtramp_r                                      /home/wiffel/bin/gcc-arm-none-eabi/bin/../lib/gcc/arm-none-eabi/7.2.1/../../../../arm-none-eabi/lib/thumb/v7-m/libc.a(lib_a-signal.o)
_data                                             /home/wiffel/dev/hardware/stm32/libopencm3-examples/libopencm3/lib/libopencm3_stm32f1.a(vector.o)
_data_loadaddr                                    /home/wiffel/dev/hardware/stm32/libopencm3-examples/libopencm3/lib/libopencm3_stm32f1.a(vector.o)
_ebss                                             /home/wiffel/dev/hardware/stm32/libopencm3-examples/libopencm3/lib/libopencm3_stm32f1.a(vector.o)
_edata                                            /home/wiffel/dev/hardware/stm32/libopencm3-examples/libopencm3/lib/libopencm3_stm32f1.a(vector.o)
_exit                                             /home/wiffel/bin/gcc-arm-none-eabi/bin/../lib/gcc/arm-none-eabi/7.2.1/../../../../arm-none-eabi/lib/thumb/v7-m/libnosys.a(_exit.o)
                                                  /home/wiffel/bin/gcc-arm-none-eabi/bin/../lib/gcc/arm-none-eabi/7.2.1/../../../../arm-none-eabi/lib/thumb/v7-m/libc.a(lib_a-abort.o)
_free_r                                           /home/wiffel/bin/gcc-arm-none-eabi/bin/../lib/gcc/arm-none-eabi/7.2.1/../../../../arm-none-eabi/lib/thumb/v7-m/libc.a(lib_a-freer.o)
                                                  /home/wiffel/bin/gcc-arm-none-eabi/bin/../lib/gcc/arm-none-eabi/7.2.1/../../../../arm-none-eabi/lib/thumb/v7-m/libc.a(lib_a-reent.o)
                                                  /home/wiffel/bin/gcc-arm-none-eabi/bin/../lib/gcc/arm-none-eabi/7.2.1/../../../../arm-none-eabi/lib/thumb/v7-m/libc.a(lib_a-mallocr.o)
                                                  /home/wiffel/bin/gcc-arm-none-eabi/bin/../lib/gcc/arm-none-eabi/7.2.1/../../../../arm-none-eabi/lib/thumb/v7-m/libc.a(lib_a-malloc.o)
_getpid                                           /home/wiffel/bin/gcc-arm-none-eabi/bin/../lib/gcc/arm-none-eabi/7.2.1/../../../../arm-none-eabi/lib/thumb/v7-m/libnosys.a(getpid.o)
                                                  /home/wiffel/bin/gcc-arm-none-eabi/bin/../lib/gcc/arm-none-eabi/7.2.1/../../../../arm-none-eabi/lib/thumb/v7-m/libc.a(lib_a-signalr.o)
_getpid_r                                         /home/wiffel/bin/gcc-arm-none-eabi/bin/../lib/gcc/arm-none-eabi/7.2.1/../../../../arm-none-eabi/lib/thumb/v7-m/libc.a(lib_a-signalr.o)