Archive member included to satisfy reference by file (symbol)

/home/wiffel/dev/hardware/stm32/libopencm3-examples/libopencm3/lib/libopencm3_stm32f1.a(gpio.o)
                              miniblink.o (gpio_set_mode)
/home/wiffel/dev/hardware/stm32/libopencm3-examples/libopencm3/lib/libopencm3_stm32f1.a(gpio_common_all.o)
                              miniblink.o (gpio_toggle)
/home/wiffel/dev/hardware/stm32/libopencm3-examples/libopencm3/lib/libopencm3_stm32f1.a(rcc_common_all.o)
                              miniblink.o (rcc_periph_clock_enable)
/home/wiffel/dev/hardware/stm32/libopencm3-examples/libopencm3/lib/libopencm3_stm32f1.a(vector.o)
                              (reset_handler)

Discarded input sections

 .group         0x0000000000000000        0xc miniblink.o
 .group         0x0000000000000000        0xc miniblink.o
 .group         0x0000000000000000        0xc miniblink.o
 .group         0x0000000000000000        0xc miniblink.o
 .group         0x0000000000000000        0xc miniblink.o
 .group         0x0000000000000000        0xc miniblink.o
 .group         0x0000000000000000        0xc miniblink.o
 .group         0x0000000000000000        0xc miniblink.o
 .group         0x0000000000000000        0xc miniblink.o
 .group         0x0000000000000000        0xc miniblink.o
 .group         0x0000000000000000        0xc miniblink.o
 .group         0x0000000000000000        0xc miniblink.o
 .group         0x0000000000000000        0xc miniblink.o
 .group         0x0000000000000000        0xc miniblink.o
 .text          0x0000000000000000        0x0 miniblink.o
 .data          0x0000000000000000        0x0 miniblink.o
 .bss           0x0000000000000000        0x0 miniblink.o
 .group         0x0000000000000000        0xc /home/wiffel/dev/hardware/stm32/libopencm3-examples/libopencm3/lib/libopencm3_stm32f1.a(gpio.o)
 .group         0x0000000000000000        0xc /home/wiffel/dev/hardware/stm32/libopencm3-examples/libopencm3/lib/libopencm3_stm32f1.a(gpio.o)
 .group         0x0000000000000000        0xc /home/wiffel/dev/hardware/stm32/libopencm3-examples/libopencm3/lib/libopencm3_stm32f1.a(gpio.o)
 .group         0x0000000000000000        0xc /home/wiffel/dev/hardware/stm32/libopencm3-examples/libopencm3/lib/libopencm3_stm32f1.a(gpio.o)
 .group         0x0000000000000000        0xc /home/wiffel/dev/hardware/stm32/libopencm3-examples/libopencm3/lib/libopencm3_stm32f1.a(gpio.o)
 .group         0x0000000000000000        0xc /home/wiffel/dev/hardware/stm32/libopencm3-examples/libopencm3/lib/libopencm3_stm32f1.a(gpio.o)
 .group         0x0000000000000000        0xc /home/wiffel/dev/hardware/stm32/libopencm3-examples/libopencm3/lib/libopencm3_stm32f1.a(gpio.o)
 .group         0x0000000000000000        0xc /home/wiffel/dev/hardware/stm32/libopencm3-examples/libopencm3/lib/libopencm3_stm32f1.a(gpio.o)
 .group         0x0000000000000000        0xc /home/wiffel/dev/hardware/stm32/libopencm3-examples/libopencm3/lib/libopencm3_stm32f1.a(gpio.o)
 .group         0x0000000000000000        0xc /home/wiffel/dev/hardware/stm32/libopencm3-examples/libopencm3/lib/libopencm3_stm32f1.a(gpio.o)
 .group         0x0000000000000000        0xc /home/wiffel/dev/hardware/stm32/libopencm3-examples/libopencm3/lib/libopencm3_stm32f1.a(gpio.o)
 .group         0x0000000000000000        0xc /home/wiffel/dev/hardware/stm32/libopencm3-examples/libopencm3/lib/libopencm3_stm32f1.a(gpio.o)
 .group         0x0000000000000000        0xc /home/wiffel/dev/hardware/stm32/libopencm3-examples/libopencm3/lib/libopencm3_stm32f1.a(gpio.o)
 .text          0x0000000000000000        0x0 /home/wiffel/dev/hardware/stm32/libopencm3-examples/libopencm3/lib/libopencm3_stm32f1.a(gpio.o)
 .data          0x0000000000000000        0x0 /home/wiffel/dev/hardware/stm32/libopencm3-examples/libopencm3/lib/libopencm3_stm32f1.a(gpio.o)
 .bss           0x0000000000000000        0x0 /home/wiffel/dev/hardware/stm32/libopencm3-examples/libopencm3/lib/libopencm3_stm32f1.a(gpio.o)
 .text.gpio_set_eventout
                0x0000000000000000       0x10 /home/wiffel/dev/hardware/stm32/libopencm3-examples/libopencm3/lib/libopencm3_stm32f1.a(gpio.o)
 .text.gpio_primary_remap
                0x0000000000000000       0x14 /home/wiffel/dev/hardware/stm32/libopencm3-examples/libopencm3/lib/libopencm3_stm32f1.a(gpio.o)
 .text.gpio_secondary_remap
                0x0000000000000000       0x10 /home/wiffel/dev/hardware/stm32/libopencm3-examples/libopencm3/lib/libopencm3_stm32f1.a(gpio.o)
 .debug_macro   0x0000000000000000      0xa4e /home/wiffel/dev/hardware/stm32/libopencm3-examples/libopencm3/lib/libopencm3_stm32f1.a(gpio.o)
 .debug_macro   0x0000000000000000       0x22 /home/wiffel/dev/hardware/stm32/libopencm3-examples/libopencm3/lib/libopencm3_stm32f1.a(gpio.o)
 .debug_macro   0x0000000000000000       0x4f /home/wiffel/dev/hardware/stm32/libopencm3-examples/libopencm3/lib/libopencm3_stm32f1.a(gpio.o)
 .debug_macro   0x0000000000000000       0x51 /home/wiffel/dev/hardware/stm32/libopencm3-examples/libopencm3/lib/libopencm3_stm32f1.a(gpio.o)
 .debug_macro   0x0000000000000000       0xef /home/wiffel/dev/hardware/stm32/libopencm3-examples/libopencm3/lib/libopencm3_stm32f1.a(gpio.o)
 .debug_macro   0x0000000000000000       0x6a /home/wiffel/dev/hardware/stm32/libopencm3-examples/libopencm3/lib/libopencm3_stm32f1.a(gpio.o)
 .debug_macro   0x0000000000000000      0x1df /home/wiffel/dev/hardware/stm32/libopencm3-examples/libopencm3/lib/libopencm3_stm32f1.a(gpio.o)
 .debug_macro   0x0000000000000000       0x22 /home/wiffel/dev/hardware/stm32/libopencm3-examples/libopencm3/lib/libopencm3_stm32f1.a(gpio.o)
 .debug_macro   0x0000000000000000       0xfa /home/wiffel/dev/hardware/stm32/libopencm3-examples/libopencm3/lib/libopencm3_stm32f1.a(gpio.o)
 .debug_macro   0x0000000000000000       0x58 /home/wiffel/dev/hardware/stm32/libopencm3-examples/libopencm3/lib/libopencm3_stm32f1.a(gpio.o)
 .debug_macro   0x0000000000000000      0x1b4 /home/wiffel/dev/hardware/stm32/libopencm3-examples/libopencm3/lib/libopencm3_stm32f1.a(gpio.o)
 .debug_macro   0x0000000000000000       0x76 /home/wiffel/dev/hardware/stm32/libopencm3-examples/libopencm3/lib/libopencm3_stm32f1.a(gpio.o)
 .debug_macro   0x0000000000000000      0xdfd /home/wiffel/dev/hardware/stm32/libopencm3-examples/libopencm3/lib/libopencm3_stm32f1.a(gpio.o)
 .group         0x0000000000000000        0xc /home/wiffel/dev/hardware/stm32/libopencm3-examples/libopencm3/lib/libopencm3_stm32f1.a(gpio_common_all.o)
 .group         0x0000000000000000        0xc /home/wiffel/dev/hardware/stm32/libopencm3-examples/libopencm3/lib/libopencm3_stm32f1.a(gpio_common_all.o)
 .group         0x0000000000000000        0xc /home/wiffel/dev/hardware/stm32/libopencm3-examples/libopencm3/lib/libopencm3_stm32f1.a(gpio_common_all.o)
 .group         0x0000000000000000        0xc /home/wiffel/dev/hardware/stm32/libopencm3-examples/libopencm3/lib/libopencm3_stm32f1.a(gpio_common_all.o)
 .group         0x0000000000000000        0xc /home/wiffel/dev/hardware/stm32/libopencm3-examples/libopencm3/lib/libopencm3_stm32f1.a(gpio_common_all.o)
 .group         0x0000000000000000        0xc /home/wiffel/dev/hardware/stm32/libopencm3-examples/libopencm3/lib/libopencm3_stm32f1.a(gpio_common_all.o)
 .group         0x0000000000000000        0xc /home/wiffel/dev/hardware/stm32/libopencm3-examples/libopencm3/lib/libopencm3_stm32f1.a(gpio_common_all.o)
 .group         0x0000000000000000        0xc /home/wiffel/dev/hardware/stm32/libopencm3-examples/libopencm3/lib/libopencm3_stm32f1.a(gpio_common_all.o)
 .group         0x0000000000000000        0xc /home/wiffel/dev/hardware/stm32/libopencm3-examples/libopencm3/lib/libopencm3_stm32f1.a(gpio_common_all.o)
 .group         0x0000000000000000        0xc /home/wiffel/dev/hardware/stm32/libopencm3-examples/libopencm3/lib/libopencm3_stm32f1.a(gpio_common_all.o)
 .group         0x0000000000000000        0xc /home/wiffel/dev/hardware/stm32/libopencm3-examples/libopencm3/lib/libopencm3_stm32f1.a(gpio_common_all.o)
 .group         0x0000000000000000        0xc /home/wiffel/dev/hardware/stm32/libopencm3-examples/libopencm3/lib/libopencm3_stm32f1.a(gpio_common_all.o)
 .group         0x0000000000000000        0xc /home/wiffel/dev/hardware/stm32/libopencm3-examples/libopencm3/lib/libopencm3_stm32f1.a(gpio_common_all.o)
 .text          0x0000000000000000        0x0 /home/wiffel/dev/hardware/stm32/libopencm3-examples/libopencm3/lib/libopencm3_stm32f1.a(gpio_common_all.o)
 .data          0x0000000000000000        0x0 /home/wiffel/dev/hardware/stm32/libopencm3-examples/libopencm3/lib/libopencm3_stm32f1.a(gpio_common_all.o)
 .bss           0x0000000000000000        0x0 /home/wiffel/dev/hardware/stm32/libopencm3-examples/libopencm3/lib/libopencm3_stm32f1.a(gpio_common_all.o)
 .text.gpio_set
                0x0000000000000000        0x4 /home/wiffel/dev/hardware/stm32/libopencm3-examples/libopencm3/lib/libopencm3_stm32f1.a(gpio_common_all.o)
 .text.gpio_clear
                0x0000000000000000        0x6 /home/wiffel/dev/hardware/stm32/libopencm3-examples/libopencm3/lib/libopencm3_stm32f1.a(gpio_common_all.o)
 .text.gpio_get
                0x0000000000000000        0x6 /home/wiffel/dev/hardware/stm32/libopencm3-examples/libopencm3/lib/libopencm3_stm32f1.a(gpio_common_all.o)
 .text.gpio_port_read
                0x0000000000000000        0x6 /home/wiffel/dev/hardware/stm32/libopencm3-examples/libopencm3/lib/libopencm3_stm32f1.a(gpio_common_all.o)
 .text.gpio_port_write
                0x0000000000000000        0x4 /home/wiffel/dev/hardware/stm32/libopencm3-examples/libopencm3/lib/libopencm3_stm32f1.a(gpio_common_all.o)
 .text.gpio_port_config_lock
                0x0000000000000000       0x10 /home/wiffel/dev/hardware/stm32/libopencm3-examples/libopencm3/lib/libopencm3_stm32f1.a(gpio_common_all.o)
 .debug_macro   0x0000000000000000      0xa4e /home/wiffel/dev/hardware/stm32/libopencm3-examples/libopencm3/lib/libopencm3_stm32f1.a(gpio_common_all.o)
 .debug_macro   0x0000000000000000       0x22 /home/wiffel/dev/hardware/stm32/libopencm3-examples/libopencm3/lib/libopencm3_stm32f1.a(gpio_common_all.o)
 .debug_macro   0x0000000000000000       0x4f /home/wiffel/dev/hardware/stm32/libopencm3-examples/libopencm3/lib/libopencm3_stm32f1.a(gpio_common_all.o)
 .debug_macro   0x0000000000000000       0x51 /home/wiffel/dev/hardware/stm32/libopencm3-examples/libopencm3/lib/libopencm3_stm32f1.a(gpio_common_all.o)
 .debug_macro   0x0000000000000000       0xef /home/wiffel/dev/hardware/stm32/libopencm3-examples/libopencm3/lib/libopencm3_stm32f1.a(gpio_common_all.o)
 .debug_macro   0x0000000000000000       0x6a /home/wiffel/dev/hardware/stm32/libopencm3-examples/libopencm3/lib/libopencm3_stm32f1.a(gpio_common_all.o)
 .debug_macro   0x0000000000000000      0x1df /home/wiffel/dev/hardware/stm32/libopencm3-examples/libopencm3/lib/libopencm3_stm32f1.a(gpio_common_all.o)
 .debug_macro   0x0000000000000000       0x22 /home/wiffel/dev/hardware/stm32/libopencm3-examples/libopencm3/lib/libopencm3_stm32f1.a(gpio_common_all.o)
 .debug_macro   0x0000000000000000       0xfa /home/wiffel/dev/hardware/stm32/libopencm3-examples/libopencm3/lib/libopencm3_stm32f1.a(gpio_common_all.o)
 .debug_macro   0x0000000000000000       0x58 /home/wiffel/dev/hardware/stm32/libopencm3-examples/libopencm3/lib/libopencm3_stm32f1.a(gpio_common_all.o)
 .debug_macro   0x0000000000000000      0x1b4 /home/wiffel/dev/hardware/stm32/libopencm3-examples/libopencm3/lib/libopencm3_stm32f1.a(gpio_common_all.o)
 .debug_macro   0x0000000000000000       0x76 /home/wiffel/dev/hardware/stm32/libopencm3-examples/libopencm3/lib/libopencm3_stm32f1.a(gpio_common_all.o)
 .debug_macro   0x0000000000000000      0xdfd /home/wiffel/dev/hardware/stm32/libopencm3-examples/libopencm3/lib/libopencm3_stm32f1.a(gpio_common_all.o)
 .group         0x0000000000000000        0xc /home/wiffel/dev/hardware/stm32/libopencm3-examples/libopencm3/lib/libopencm3_stm32f1.a(rcc_common_all.o)
 .group         0x0000000000000000        0xc /home/wiffel/dev/hardware/stm32/libopencm3-examples/libopencm3/lib/libopencm3_stm32f1.a(rcc_common_all.o)
 .group         0x0000000000000000        0xc /home/wiffel/dev/hardware/stm32/libopencm3-examples/libopencm3/lib/libopencm3_stm32f1.a(rcc_common_all.o)
 .group         0x0000000000000000        0xc /home/wiffel/dev/hardware/stm32/libopencm3-examples/libopencm3/lib/libopencm3_stm32f1.a(rcc_common_all.o)
 .group         0x0000000000000000        0xc /home/wiffel/dev/hardware/stm32/libopencm3-examples/libopencm3/lib/libopencm3_stm32f1.a(rcc_common_all.o)
 .group         0x0000000000000000        0xc /home/wiffel/dev/hardware/stm32/libopencm3-examples/libopencm3/lib/libopencm3_stm32f1.a(rcc_common_all.o)
 .group         0x0000000000000000        0xc /home/wiffel/dev/hardware/stm32/libopencm3-examples/libopencm3/lib/libopencm3_stm32f1.a(rcc_common_all.o)
 .group         0x0000000000000000        0xc /home/wiffel/dev/hardware/stm32/libopencm3-examples/libopencm3/lib/libopencm3_stm32f1.a(rcc_common_all.o)
 .group         0x0000000000000000        0xc /home/wiffel/dev/hardware/stm32/libopencm3-examples/libopencm3/lib/libopencm3_stm32f1.a(rcc_common_all.o)
 .group         0x0000000000000000        0xc /home/wiffel/dev/hardware/stm32/libopencm3-examples/libopencm3/lib/libopencm3_stm32f1.a(rcc_common_all.o)
 .group         0x0000000000000000        0xc /home/wiffel/dev/hardware/stm32/libopencm3-examples/libopencm3/lib/libopencm3_stm32f1.a(rcc_common_all.o)
 .group         0x0000000000000000        0xc /home/wiffel/dev/hardware/stm32/libopencm3-examples/libopencm3/lib/libopencm3_stm32f1.a(rcc_common_all.o)
 .text          0x0000000000000000        0x0 /home/wiffel/dev/hardware/stm32/libopencm3-examples/libopencm3/lib/libopencm3_stm32f1.a(rcc_common_all.o)
 .data          0x0000000000000000        0x0 /home/wiffel/dev/hardware/stm32/libopencm3-examples/libopencm3/lib/libopencm3_stm32f1.a(rcc_common_all.o)
 .bss           0x0000000000000000        0x0 /home/wiffel/dev/hardware/stm32/libopencm3-examples/libopencm3/lib/libopencm3_stm32f1.a(rcc_common_all.o)
 .text.rcc_peripheral_enable_clock
                0x0000000000000000        0x8 /home/wiffel/dev/hardware/stm32/libopencm3-examples/libopencm3/lib/libopencm3_stm32f1.a(rcc_common_all.o)
 .text.rcc_peripheral_disable_clock
                0x0000000000000000        0xa /home/wiffel/dev/hardware/stm32/libopencm3-examples/libopencm3/lib/libopencm3_stm32f1.a(rcc_common_all.o)
 .text.rcc_peripheral_reset
                0x0000000000000000        0x8 /home/wiffel/dev/hardware/stm32/libopencm3-examples/libopencm3/lib/libopencm3_stm32f1.a(rcc_common_all.o)
 .text.rcc_peripheral_clear_reset
                0x0000000000000000        0xa /home/wiffel/dev/hardware/stm32/libopencm3-examples/libopencm3/lib/libopencm3_stm32f1.a(rcc_common_all.o)
 .text.rcc_periph_clock_disable
                0x0000000000000000       0x1e /home/wiffel/dev/hardware/stm32/libopencm3-examples/libopencm3/lib/libopencm3_stm32f1.a(rcc_common_all.o)
 .text.rcc_periph_reset_pulse
                0x0000000000000000       0x22 /home/wiffel/dev/hardware/stm32/libopencm3-examples/libopencm3/lib/libopencm3_stm32f1.a(rcc_common_all.o)
 .text.rcc_periph_reset_hold
                0x0000000000000000       0x1a /home/wiffel/dev/hardware/stm32/libopencm3-examples/libopencm3/lib/libopencm3_stm32f1.a(rcc_common_all.o)
 .text.rcc_periph_reset_release
                0x0000000000000000       0x1e /home/wiffel/dev/hardware/stm32/libopencm3-examples/libopencm3/lib/libopencm3_stm32f1.a(rcc_common_all.o)
 .text.rcc_set_mco
                0x0000000000000000       0x14 /home/wiffel/dev/hardware/stm32/libopencm3-examples/libopencm3/lib/libopencm3_stm32f1.a(rcc_common_all.o)
 .text.rcc_osc_bypass_enable
                0x0000000000000000       0x28 /home/wiffel/dev/hardware/stm32/libopencm3-examples/libopencm3/lib/libopencm3_stm32f1.a(rcc_common_all.o)
 .text.rcc_osc_bypass_disable
                0x0000000000000000       0x28 /home/wiffel/dev/hardware/stm32/libopencm3-examples/libopencm3/lib/libopencm3_stm32f1.a(rcc_common_all.o)
 .debug_macro   0x0000000000000000      0xa4e /home/wiffel/dev/hardware/stm32/libopencm3-examples/libopencm3/lib/libopencm3_stm32f1.a(rcc_common_all.o)
 .debug_macro   0x0000000000000000       0x22 /home/wiffel/dev/hardware/stm32/libopencm3-examples/libopencm3/lib/libopencm3_stm32f1.a(rcc_common_all.o)
 .debug_macro   0x0000000000000000       0x4f /home/wiffel/dev/hardware/stm32/libopencm3-examples/libopencm3/lib/libopencm3_stm32f1.a(rcc_common_all.o)
 .debug_macro   0x0000000000000000       0x51 /home/wiffel/dev/hardware/stm32/libopencm3-examples/libopencm3/lib/libopencm3_stm32f1.a(rcc_common_all.o)
 .debug_macro   0x0000000000000000       0xef /home/wiffel/dev/hardware/stm32/libopencm3-examples/libopencm3/lib/libopencm3_stm32f1.a(rcc_common_all.o)
 .debug_macro   0x0000000000000000       0x6a /home/wiffel/dev/hardware/stm32/libopencm3-examples/libopencm3/lib/libopencm3_stm32f1.a(rcc_common_all.o)
 .debug_macro   0x0000000000000000      0x1df /home/wiffel/dev/hardware/stm32/libopencm3-examples/libopencm3/lib/libopencm3_stm32f1.a(rcc_common_all.o)
 .debug_macro   0x0000000000000000       0x22 /home/wiffel/dev/hardware/stm32/libopencm3-examples/libopencm3/lib/libopencm3_stm32f1.a(rcc_common_all.o)
 .debug_macro   0x0000000000000000       0xfa /home/wiffel/dev/hardware/stm32/libopencm3-examples/libopencm3/lib/libopencm3_stm32f1.a(rcc_common_all.o)
 .debug_macro   0x0000000000000000       0x58 /home/wiffel/dev/hardware/stm32/libopencm3-examples/libopencm3/lib/libopencm3_stm32f1.a(rcc_common_all.o)
 .debug_macro   0x0000000000000000      0x1b4 /home/wiffel/dev/hardware/stm32/libopencm3-examples/libopencm3/lib/libopencm3_stm32f1.a(rcc_common_all.o)
 .debug_macro   0x0000000000000000      0x82c /home/wiffel/dev/hardware/stm32/libopencm3-examples/libopencm3/lib/libopencm3_stm32f1.a(rcc_common_all.o)
 .group         0x0000000000000000        0xc /home/wiffel/dev/hardware/stm32/libopencm3-examples/libopencm3/lib/libopencm3_stm32f1.a(vector.o)
 .group         0x0000000000000000        0xc /home/wiffel/dev/hardware/stm32/libopencm3-examples/libopencm3/lib/libopencm3_stm32f1.a(vector.o)
 .group         0x0000000000000000        0xc /home/wiffel/dev/hardware/stm32/libopencm3-examples/libopencm3/lib/libopencm3_stm32f1.a(vector.o)
 .group         0x0000000000000000        0xc /home/wiffel/dev/hardware/stm32/libopencm3-examples/libopencm3/lib/libopencm3_stm32f1.a(vector.o)
 .group         0x0000000000000000        0xc /home/wiffel/dev/hardware/stm32/libopencm3-examples/libopencm3/lib/libopencm3_stm32f1.a(vector.o)
 .group         0x0000000000000000        0xc /home/wiffel/dev/hardware/stm32/libopencm3-examples/libopencm3/lib/libopencm3_stm32f1.a(vector.o)
 .group         0x0000000000000000        0xc /home/wiffel/dev/hardware/stm32/libopencm3-examples/libopencm3/lib/libopencm3_stm32f1.a(vector.o)
 .group         0x0000000000000000        0xc /home/wiffel/dev/hardware/stm32/libopencm3-examples/libopencm3/lib/libopencm3_stm32f1.a(vector.o)
 .group         0x0000000000000000        0xc /home/wiffel/dev/hardware/stm32/libopencm3-examples/libopencm3/lib/libopencm3_stm32f1.a(vector.o)
 .group         0x0000000000000000        0xc /home/wiffel/dev/hardware/stm32/libopencm3-examples/libopencm3/lib/libopencm3_stm32f1.a(vector.o)
 .group         0x0000000000000000        0xc /home/wiffel/dev/hardware/stm32/libopencm3-examples/libopencm3/lib/libopencm3_stm32f1.a(vector.o)
 .group         0x0000000000000000        0xc /home/wiffel/dev/hardware/stm32/libopencm3-examples/libopencm3/lib/libopencm3_stm32f1.a(vector.o)
 .group         0x0000000000000000        0xc /home/wiffel/dev/hardware/stm32/libopencm3-examples/libopencm3/lib/libopencm3_stm32f1.a(vector.o)
 .text          0x0000000000000000        0x0 /home/wiffel/dev/hardware/stm32/libopencm3-examples/libopencm3/lib/libopencm3_stm32f1.a(vector.o)
 .data          0x0000000000000000        0x0 /home/wiffel/dev/hardware/stm32/libopencm3-examples/libopencm3/lib/libopencm3_stm32f1.a(vector.o)
 .bss           0x0000000000000000        0x0 /home/wiffel/dev/hardware/stm32/libopencm3-examples/libopencm3/lib/libopencm3_stm32f1.a(vector.o)
 .debug_macro   0x0000000000000000      0xa4e /home/wiffel/dev/hardware/stm32/libopencm3-examples/libopencm3/lib/libopencm3_stm32f1.a(vector.o)
 .debug_macro   0x0000000000000000       0x58 /home/wiffel/dev/hardware/stm32/libopencm3-examples/libopencm3/lib/libopencm3_stm32f1.a(vector.o)
 .debug_macro   0x0000000000000000       0x22 /home/wiffel/dev/hardware/stm32/libopencm3-examples/libopencm3/lib/libopencm3_stm32f1.a(vector.o)
 .debug_macro   0x0000000000000000       0x4f /home/wiffel/dev/hardware/stm32/libopencm3-examples/libopencm3/lib/libopencm3_stm32f1.a(vector.o)
 .debug_macro   0x0000000000000000       0x51 /home/wiffel/dev/hardware/stm32/libopencm3-examples/libopencm3/lib/libopencm3_stm32f1.a(vector.o)
 .debug_macro   0x0000000000000000       0xef /home/wiffel/dev/hardware/stm32/libopencm3-examples/libopencm3/lib/libopencm3_stm32f1.a(vector.o)
 .debug_macro   0x0000000000000000       0x6a /home/wiffel/dev/hardware/stm32/libopencm3-examples/libopencm3/lib/libopencm3_stm32f1.a(vector.o)
 .debug_macro   0x0000000000000000      0x1df /home/wiffel/dev/hardware/stm32/libopencm3-examples/libopencm3/lib/libopencm3_stm32f1.a(vector.o)
 .debug_macro   0x0000000000000000       0x22 /home/wiffel/dev/hardware/stm32/libopencm3-examples/libopencm3/lib/libopencm3_stm32f1.a(vector.o)
 .debug_macro   0x0000000000000000       0xfa /home/wiffel/dev/hardware/stm32/libopencm3-examples/libopencm3/lib/libopencm3_stm32f1.a(vector.o)

Memory Configuration

Name             Origin             Length             Attributes
rom              0x0000000008005000 0x000000000001b000 xr
ram              0x0000000020000c00 0x0000000000004400 xrw
*default*        0x0000000000000000 0xffffffffffffffff

Linker script and memory map

LOAD miniblink.o
LOAD /home/wiffel/dev/hardware/stm32/libopencm3-examples/libopencm3/lib/libopencm3_stm32f1.a
START GROUP
LOAD /home/wiffel/bin/gcc-arm-none-eabi/bin/../lib/gcc/arm-none-eabi/7.2.1/../../../../arm-none-eabi/lib/thumb/v7-m/libc.a
LOAD /home/wiffel/bin/gcc-arm-none-eabi/bin/../lib/gcc/arm-none-eabi/7.2.1/thumb/v7-m/libgcc.a
LOAD /home/wiffel/bin/gcc-arm-none-eabi/bin/../lib/gcc/arm-none-eabi/7.2.1/../../../../arm-none-eabi/lib/thumb/v7-m/libnosys.a
END GROUP
START GROUP
LOAD /home/wiffel/bin/gcc-arm-none-eabi/bin/../lib/gcc/arm-none-eabi/7.2.1/thumb/v7-m/libgcc.a
LOAD /home/wiffel/bin/gcc-arm-none-eabi/bin/../lib/gcc/arm-none-eabi/7.2.1/../../../../arm-none-eabi/lib/thumb/v7-m/libg.a
LOAD /home/wiffel/bin/gcc-arm-none-eabi/bin/../lib/gcc/arm-none-eabi/7.2.1/../../../../arm-none-eabi/lib/thumb/v7-m/libc.a
END GROUP

.text           0x0000000008005000      0x2a8
 *(.vectors)
 .vectors       0x0000000008005000      0x150 /home/wiffel/dev/hardware/stm32/libopencm3-examples/libopencm3/lib/libopencm3_stm32f1.a(vector.o)
                0x0000000008005000                vector_table
 *(.text*)
 .text.startup.main
                0x0000000008005150       0x34 miniblink.o
                0x0000000008005150                main
 .text.gpio_set_mode
                0x0000000008005184       0x62 /home/wiffel/dev/hardware/stm32/libopencm3-examples/libopencm3/lib/libopencm3_stm32f1.a(gpio.o)
                0x0000000008005184                gpio_set_mode
 .text.gpio_toggle
                0x00000000080051e6       0x12 /home/wiffel/dev/hardware/stm32/libopencm3-examples/libopencm3/lib/libopencm3_stm32f1.a(gpio_common_all.o)
                0x00000000080051e6                gpio_toggle
 .text.rcc_periph_clock_enable
                0x00000000080051f8       0x1a /home/wiffel/dev/hardware/stm32/libopencm3-examples/libopencm3/lib/libopencm3_stm32f1.a(rcc_common_all.o)
                0x00000000080051f8                rcc_periph_clock_enable
 .text.blocking_handler
                0x0000000008005212        0x2 /home/wiffel/dev/hardware/stm32/libopencm3-examples/libopencm3/lib/libopencm3_stm32f1.a(vector.o)
                0x0000000008005212                usart3_isr
                0x0000000008005212                rtc_isr
                0x0000000008005212                tim7_isr
                0x0000000008005212                adc1_2_isr
                0x0000000008005212                tim1_trg_com_isr
                0x0000000008005212                usb_hp_can_tx_isr
                0x0000000008005212                tim6_isr
                0x0000000008005212                usb_wakeup_isr
                0x0000000008005212                blocking_handler
                0x0000000008005212                tim5_isr
                0x0000000008005212                otg_fs_isr
                0x0000000008005212                spi1_isr
                0x0000000008005212                exti2_isr
                0x0000000008005212                dma1_channel6_isr
                0x0000000008005212                can_rx1_isr
                0x0000000008005212                dma1_channel5_isr
                0x0000000008005212                dma2_channel5_isr
                0x0000000008005212                usart1_isr
                0x0000000008005212                usage_fault_handler
                0x0000000008005212                tim8_trg_com_isr
                0x0000000008005212                can2_rx0_isr
                0x0000000008005212                tim1_brk_isr
                0x0000000008005212                can2_rx1_isr
                0x0000000008005212                tim1_cc_isr
                0x0000000008005212                sdio_isr
                0x0000000008005212                eth_isr
                0x0000000008005212                dma1_channel4_isr
                0x0000000008005212                tim8_brk_isr
                0x0000000008005212                dma2_channel4_5_isr
                0x0000000008005212                pvd_isr
                0x0000000008005212                rcc_isr
                0x0000000008005212                flash_isr
                0x0000000008005212                uart4_isr
                0x0000000008005212                rtc_alarm_isr
                0x0000000008005212                exti15_10_isr
                0x0000000008005212                hard_fault_handler
                0x0000000008005212                exti1_isr
                0x0000000008005212                i2c1_ev_isr
                0x0000000008005212                dma2_channel1_isr
                0x0000000008005212                spi2_isr
                0x0000000008005212                tim8_up_isr
                0x0000000008005212                dma2_channel2_isr
                0x0000000008005212                exti3_isr
                0x0000000008005212                adc3_isr
                0x0000000008005212                tim3_isr
                0x0000000008005212                usart2_isr
                0x0000000008005212                usb_lp_can_rx0_isr
                0x0000000008005212                i2c2_er_isr
                0x0000000008005212                i2c2_ev_isr
                0x0000000008005212                uart5_isr
                0x0000000008005212                fsmc_isr
                0x0000000008005212                dma1_channel1_isr
                0x0000000008005212                exti4_isr
                0x0000000008005212                mem_manage_handler
                0x0000000008005212                can2_tx_isr
                0x0000000008005212                exti9_5_isr
                0x0000000008005212                dma2_channel3_isr
                0x0000000008005212                dma1_channel7_isr
                0x0000000008005212                tim1_up_isr
                0x0000000008005212                can2_sce_isr
                0x0000000008005212                tim4_isr
                0x0000000008005212                dma1_channel2_isr
                0x0000000008005212                i2c1_er_isr
                0x0000000008005212                can_sce_isr
                0x0000000008005212                tim8_cc_isr
                0x0000000008005212                tamper_isr
                0x0000000008005212                eth_wkup_isr
                0x0000000008005212                bus_fault_handler
                0x0000000008005212                wwdg_isr
                0x0000000008005212                dma1_channel3_isr
                0x0000000008005212                spi3_isr
                0x0000000008005212                tim2_isr
                0x0000000008005212                exti0_isr
 .text.null_handler
                0x0000000008005214        0x2 /home/wiffel/dev/hardware/stm32/libopencm3-examples/libopencm3/lib/libopencm3_stm32f1.a(vector.o)
                0x0000000008005214                null_handler
                0x0000000008005214                sv_call_handler
                0x0000000008005214                pend_sv_handler
                0x0000000008005214                debug_monitor_handler
                0x0000000008005214                sys_tick_handler
                0x0000000008005214                nmi_handler
 *fill*         0x0000000008005216        0x2 
 .text.reset_handler
                0x0000000008005218       0x90 /home/wiffel/dev/hardware/stm32/libopencm3-examples/libopencm3/lib/libopencm3_stm32f1.a(vector.o)
                0x0000000008005218                reset_handler
                0x00000000080052a8                . = ALIGN (0x4)
 *(.rodata*)
                0x00000000080052a8                . = ALIGN (0x4)

.glue_7         0x00000000080052a8        0x0
 .glue_7        0x00000000080052a8        0x0 linker stubs

.glue_7t        0x00000000080052a8        0x0
 .glue_7t       0x00000000080052a8        0x0 linker stubs

.vfp11_veneer   0x00000000080052a8        0x0
 .vfp11_veneer  0x00000000080052a8        0x0 linker stubs

.v4_bx          0x00000000080052a8        0x0
 .v4_bx         0x00000000080052a8        0x0 linker stubs

.iplt           0x00000000080052a8        0x0
 .iplt          0x00000000080052a8        0x0 miniblink.o

.rel.dyn        0x00000000080052a8        0x0
 .rel.iplt      0x00000000080052a8        0x0 miniblink.o

.preinit_array  0x00000000080052a8        0x0
                0x00000000080052a8                . = ALIGN (0x4)
                0x00000000080052a8                __preinit_array_start = .
 *(.preinit_array)
                0x00000000080052a8                __preinit_array_end = .

.init_array     0x00000000080052a8        0x0
                0x00000000080052a8                . = ALIGN (0x4)
                0x00000000080052a8                __init_array_start = .
 *(SORT_BY_NAME(.init_array.*))
 *(.init_array)
                0x00000000080052a8                __init_array_end = .

.fini_array     0x00000000080052a8        0x0
                0x00000000080052a8                . = ALIGN (0x4)
                0x00000000080052a8                __fini_array_start = .
 *(.fini_array)
 *(SORT_BY_NAME(.fini_array.*))
                0x00000000080052a8                __fini_array_end = .

.ARM.extab
 *(.ARM.extab*)

.ARM.exidx      0x00000000080052a8        0x0
                0x00000000080052a8                __exidx_start = .
 *(.ARM.exidx*)
                0x00000000080052a8                __exidx_end = .
                0x00000000080052a8                . = ALIGN (0x4)
                0x00000000080052a8                _etext = .

.data           0x0000000020000c00        0x0 load address 0x00000000080052a8
                0x0000000020000c00                _data = .
 *(.data*)
                0x0000000020000c00                . = ALIGN (0x4)
                0x0000000020000c00                _edata = .
                0x00000000080052a8                _data_loadaddr = LOADADDR (.data)

.igot.plt       0x0000000020000c00        0x0 load address 0x00000000080052a8
 .igot.plt      0x0000000020000c00        0x0 miniblink.o

.bss            0x0000000020000c00        0x0 load address 0x00000000080052a8
 *(.bss*)
 *(COMMON)
                0x0000000020000c00                . = ALIGN (0x4)
                0x0000000020000c00                _ebss = .

/DISCARD/
 *(.eh_frame)
                0x0000000020000c00                . = ALIGN (0x4)
                0x0000000020000c00                end = .
                0x0000000020005000                PROVIDE (_stack, (ORIGIN (ram) + LENGTH (ram)))
OUTPUT(miniblink.elf elf32-littlearm)

.debug_info     0x0000000000000000      0xfd1
 .debug_info    0x0000000000000000      0x334 miniblink.o
 .debug_info    0x0000000000000334      0x1db /home/wiffel/dev/hardware/stm32/libopencm3-examples/libopencm3/lib/libopencm3_stm32f1.a(gpio.o)
 .debug_info    0x000000000000050f      0x22c /home/wiffel/dev/hardware/stm32/libopencm3-examples/libopencm3/lib/libopencm3_stm32f1.a(gpio_common_all.o)
 .debug_info    0x000000000000073b      0x5f5 /home/wiffel/dev/hardware/stm32/libopencm3-examples/libopencm3/lib/libopencm3_stm32f1.a(rcc_common_all.o)
 .debug_info    0x0000000000000d30      0x2a1 /home/wiffel/dev/hardware/stm32/libopencm3-examples/libopencm3/lib/libopencm3_stm32f1.a(vector.o)

.debug_abbrev   0x0000000000000000      0x528
 .debug_abbrev  0x0000000000000000      0x119 miniblink.o
 .debug_abbrev  0x0000000000000119       0xb7 /home/wiffel/dev/hardware/stm32/libopencm3-examples/libopencm3/lib/libopencm3_stm32f1.a(gpio.o)
 .debug_abbrev  0x00000000000001d0       0xf4 /home/wiffel/dev/hardware/stm32/libopencm3-examples/libopencm3/lib/libopencm3_stm32f1.a(gpio_common_all.o)
 .debug_abbrev  0x00000000000002c4      0x139 /home/wiffel/dev/hardware/stm32/libopencm3-examples/libopencm3/lib/libopencm3_stm32f1.a(rcc_common_all.o)
 .debug_abbrev  0x00000000000003fd      0x12b /home/wiffel/dev/hardware/stm32/libopencm3-examples/libopencm3/lib/libopencm3_stm32f1.a(vector.o)

.debug_loc      0x0000000000000000      0x760
 .debug_loc     0x0000000000000000       0x4d miniblink.o
 .debug_loc     0x000000000000004d      0x48a /home/wiffel/dev/hardware/stm32/libopencm3-examples/libopencm3/lib/libopencm3_stm32f1.a(gpio.o)
 .debug_loc     0x00000000000004d7       0x97 /home/wiffel/dev/hardware/stm32/libopencm3-examples/libopencm3/lib/libopencm3_stm32f1.a(gpio_common_all.o)
 .debug_loc     0x000000000000056e      0x108 /home/wiffel/dev/hardware/stm32/libopencm3-examples/libopencm3/lib/libopencm3_stm32f1.a(rcc_common_all.o)
 .debug_loc     0x0000000000000676       0xea /home/wiffel/dev/hardware/stm32/libopencm3-examples/libopencm3/lib/libopencm3_stm32f1.a(vector.o)

.debug_aranges  0x0000000000000000      0x140
 .debug_aranges
                0x0000000000000000       0x20 miniblink.o
 .debug_aranges
                0x0000000000000020       0x38 /home/wiffel/dev/hardware/stm32/libopencm3-examples/libopencm3/lib/libopencm3_stm32f1.a(gpio.o)
 .debug_aranges
                0x0000000000000058       0x50 /home/wiffel/dev/hardware/stm32/libopencm3-examples/libopencm3/lib/libopencm3_stm32f1.a(gpio_common_all.o)
 .debug_aranges
                0x00000000000000a8       0x68 /home/wiffel/dev/hardware/stm32/libopencm3-examples/libopencm3/lib/libopencm3_stm32f1.a(rcc_common_all.o)
 .debug_aranges
                0x0000000000000110       0x30 /home/wiffel/dev/hardware/stm32/libopencm3-examples/libopencm3/lib/libopencm3_stm32f1.a(vector.o)

.debug_ranges   0x0000000000000000       0xf0
 .debug_ranges  0x0000000000000000       0x10 miniblink.o
 .debug_ranges  0x0000000000000010       0x28 /home/wiffel/dev/hardware/stm32/libopencm3-examples/libopencm3/lib/libopencm3_stm32f1.a(gpio.o)
 .debug_ranges  0x0000000000000038       0x40 /home/wiffel/dev/hardware/stm32/libopencm3-examples/libopencm3/lib/libopencm3_stm32f1.a(gpio_common_all.o)
 .debug_ranges  0x0000000000000078       0x58 /home/wiffel/dev/hardware/stm32/libopencm3-examples/libopencm3/lib/libopencm3_stm32f1.a(rcc_common_all.o)
 .debug_ranges  0x00000000000000d0       0x20 /home/wiffel/dev/hardware/stm32/libopencm3-examples/libopencm3/lib/libopencm3_stm32f1.a(vector.o)

.debug_macro    0x0000000000000000     0x319e
 .debug_macro   0x0000000000000000       0xd1 miniblink.o
 .debug_macro   0x00000000000000d1      0xa4e miniblink.o
 .debug_macro   0x0000000000000b1f       0x22 miniblink.o
 .debug_macro   0x0000000000000b41       0x4f miniblink.o
 .debug_macro   0x0000000000000b90       0x51 miniblink.o
 .debug_macro   0x0000000000000be1       0xef miniblink.o
 .debug_macro   0x0000000000000cd0       0x6a miniblink.o
 .debug_macro   0x0000000000000d3a      0x1df miniblink.o
 .debug_macro   0x0000000000000f19       0x22 miniblink.o
 .debug_macro   0x0000000000000f3b       0xfa miniblink.o
 .debug_macro   0x0000000000001035       0x58 miniblink.o
 .debug_macro   0x000000000000108d      0x1b4 miniblink.o
 .debug_macro   0x0000000000001241      0x82c miniblink.o
 .debug_macro   0x0000000000001a6d       0x76 miniblink.o
 .debug_macro   0x0000000000001ae3      0xdfd miniblink.o
 .debug_macro   0x00000000000028e0       0xb9 /home/wiffel/dev/hardware/stm32/libopencm3-examples/libopencm3/lib/libopencm3_stm32f1.a(gpio.o)
 .debug_macro   0x0000000000002999       0xb9 /home/wiffel/dev/hardware/stm32/libopencm3-examples/libopencm3/lib/libopencm3_stm32f1.a(gpio_common_all.o)
 .debug_macro   0x0000000000002a52       0xcf /home/wiffel/dev/hardware/stm32/libopencm3-examples/libopencm3/lib/libopencm3_stm32f1.a(rcc_common_all.o)
 .debug_macro   0x0000000000002b21       0xd0 /home/wiffel/dev/hardware/stm32/libopencm3-examples/libopencm3/lib/libopencm3_stm32f1.a(vector.o)
 .debug_macro   0x0000000000002bf1      0x3a1 /home/wiffel/dev/hardware/stm32/libopencm3-examples/libopencm3/lib/libopencm3_stm32f1.a(vector.o)
 .debug_macro   0x0000000000002f92       0x6a /home/wiffel/dev/hardware/stm32/libopencm3-examples/libopencm3/lib/libopencm3_stm32f1.a(vector.o)
 .debug_macro   0x0000000000002ffc      0x1a2 /home/wiffel/dev/hardware/stm32/libopencm3-examples/libopencm3/lib/libopencm3_stm32f1.a(vector.o)

.debug_line     0x0000000000000000     0x105f
 .debug_line    0x0000000000000000      0x3b1 miniblink.o
 .debug_line    0x00000000000003b1      0x2f0 /home/wiffel/dev/hardware/stm32/libopencm3-examples/libopencm3/lib/libopencm3_stm32f1.a(gpio.o)
 .debug_line    0x00000000000006a1      0x327 /home/wiffel/dev/hardware/stm32/libopencm3-examples/libopencm3/lib/libopencm3_stm32f1.a(gpio_common_all.o)
 .debug_line    0x00000000000009c8      0x35b /home/wiffel/dev/hardware/stm32/libopencm3-examples/libopencm3/lib/libopencm3_stm32f1.a(rcc_common_all.o)
 .debug_line    0x0000000000000d23      0x33c /home/wiffel/dev/hardware/stm32/libopencm3-examples/libopencm3/lib/libopencm3_stm32f1.a(vector.o)

.debug_str      0x0000000000000000     0xd37e
 .debug_str     0x0000000000000000     0xa8f4 miniblink.o
                                       0xaa5d (size before relaxing)
 .debug_str     0x000000000000a8f4      0x187 /home/wiffel/dev/hardware/stm32/libopencm3-examples/libopencm3/lib/libopencm3_stm32f1.a(gpio.o)
                                       0x841c (size before relaxing)
 .debug_str     0x000000000000aa7b       0x74 /home/wiffel/dev/hardware/stm32/libopencm3-examples/libopencm3/lib/libopencm3_stm32f1.a(gpio_common_all.o)
                                       0x8410 (size before relaxing)
 .debug_str     0x000000000000aaef      0x39d /home/wiffel/dev/hardware/stm32/libopencm3-examples/libopencm3/lib/libopencm3_stm32f1.a(rcc_common_all.o)
                                       0x763d (size before relaxing)
 .debug_str     0x000000000000ae8c     0x24f2 /home/wiffel/dev/hardware/stm32/libopencm3-examples/libopencm3/lib/libopencm3_stm32f1.a(vector.o)
                                       0x6564 (size before relaxing)

.comment        0x0000000000000000       0x7e
 .comment       0x0000000000000000       0x7e miniblink.o
                                         0x7f (size before relaxing)
 .comment       0x000000000000007e       0x7f /home/wiffel/dev/hardware/stm32/libopencm3-examples/libopencm3/lib/libopencm3_stm32f1.a(gpio.o)
 .comment       0x000000000000007e       0x7f /home/wiffel/dev/hardware/stm32/libopencm3-examples/libopencm3/lib/libopencm3_stm32f1.a(gpio_common_all.o)
 .comment       0x000000000000007e       0x7f /home/wiffel/dev/hardware/stm32/libopencm3-examples/libopencm3/lib/libopencm3_stm32f1.a(rcc_common_all.o)
 .comment       0x000000000000007e       0x7f /home/wiffel/dev/hardware/stm32/libopencm3-examples/libopencm3/lib/libopencm3_stm32f1.a(vector.o)

.ARM.attributes
                0x0000000000000000       0x33
 .ARM.attributes
                0x0000000000000000       0x33 miniblink.o
 .ARM.attributes
                0x0000000000000033       0x33 /home/wiffel/dev/hardware/stm32/libopencm3-examples/libopencm3/lib/libopencm3_stm32f1.a(gpio.o)
 .ARM.attributes
                0x0000000000000066       0x33 /home/wiffel/dev/hardware/stm32/libopencm3-examples/libopencm3/lib/libopencm3_stm32f1.a(gpio_common_all.o)
 .ARM.attributes
                0x0000000000000099       0x33 /home/wiffel/dev/hardware/stm32/libopencm3-examples/libopencm3/lib/libopencm3_stm32f1.a(rcc_common_all.o)
 .ARM.attributes
                0x00000000000000cc       0x33 /home/wiffel/dev/hardware/stm32/libopencm3-examples/libopencm3/lib/libopencm3_stm32f1.a(vector.o)

.debug_frame    0x0000000000000000      0x21c
 .debug_frame   0x0000000000000000       0x28 miniblink.o
 .debug_frame   0x0000000000000028       0x64 /home/wiffel/dev/hardware/stm32/libopencm3-examples/libopencm3/lib/libopencm3_stm32f1.a(gpio.o)
 .debug_frame   0x000000000000008c       0x80 /home/wiffel/dev/hardware/stm32/libopencm3-examples/libopencm3/lib/libopencm3_stm32f1.a(gpio_common_all.o)
 .debug_frame   0x000000000000010c       0xd0 /home/wiffel/dev/hardware/stm32/libopencm3-examples/libopencm3/lib/libopencm3_stm32f1.a(rcc_common_all.o)
 .debug_frame   0x00000000000001dc       0x40 /home/wiffel/dev/hardware/stm32/libopencm3-examples/libopencm3/lib/libopencm3_stm32f1.a(vector.o)

Cross Reference Table

Symbol                                            File
__fini_array_end                                  /home/wiffel/dev/hardware/stm32/libopencm3-examples/libopencm3/lib/libopencm3_stm32f1.a(vector.o)
__fini_array_start                                /home/wiffel/dev/hardware/stm32/libopencm3-examples/libopencm3/lib/libopencm3_stm32f1.a(vector.o)
__init_array_end                                  /home/wiffel/dev/hardware/stm32/libopencm3-examples/libopencm3/lib/libopencm3_stm32f1.a(vector.o)
__init_array_start                                /home/wiffel/dev/hardware/stm32/libopencm3-examples/libopencm3/lib/libopencm3_stm32f1.a(vector.o)
__preinit_array_end                               /home/wiffel/dev/hardware/stm32/libopencm3-examples/libopencm3/lib/libopencm3_stm32f1.a(vector.o)
__preinit_array_start                             /home/wiffel/dev/hardware/stm32/libopencm3-examples/libopencm3/lib/libopencm3_stm32f1.a(vector.o)
_data                                             /home/wiffel/dev/hardware/stm32/libopencm3-examples/libopencm3/lib/libopencm3_stm32f1.a(vector.o)
_data_loadaddr                                    /home/wiffel/dev/hardware/stm32/libopencm3-examples/libopencm3/lib/libopencm3_stm32f1.a(vector.o)
_ebss                                             /home/wiffel/dev/hardware/stm32/libopencm3-examples/libopencm3/lib/libopencm3_stm32f1.a(vector.o)
_edata                                            /home/wiffel/dev/hardware/stm32/libopencm3-examples/libopencm3/lib/libopencm3_stm32f1.a(vector.o)
_stack                                            /home/wiffel/dev/hardware/stm32/libopencm3-examples/libopencm3/lib/libopencm3_stm32f1.a(vector.o)
adc1_2_isr                                        /home/wiffel/dev/hardware/stm32/libopencm3-examples/libopencm3/lib/libopencm3_stm32f1.a(vector.o)
adc3_isr                                          /home/wiffel/dev/hardware/stm32/libopencm3-examples/libopencm3/lib/libopencm3_stm32f1.a(vector.o)
blocking_handler                                  /home/wiffel/dev/hardware/stm32/libopencm3-examples/libopencm3/lib/libopencm3_stm32f1.a(vector.o)
bus_fault_handler                                 /home/wiffel/dev/hardware/stm32/libopencm3-examples/libopencm3/lib/libopencm3_stm32f1.a(vector.o)
can2_rx0_isr                                      /home/wiffel/dev/hardware/stm32/libopencm3-examples/libopencm3/lib/libopencm3_stm32f1.a(vector.o)
can2_rx1_isr                                      /home/wiffel/dev/hardware/stm32/libopencm3-examples/libopencm3/lib/libopencm3_stm32f1.a(vector.o)
can2_sce_isr                                      /home/wiffel/dev/hardware/stm32/libopencm3-examples/libopencm3/lib/libopencm3_stm32f1.a(vector.o)
can2_tx_isr                                       /home/wiffel/dev/hardware/stm32/libopencm3-examples/libopencm3/lib/libopencm3_stm32f1.a(vector.o)
can_rx1_isr                                       /home/wiffel/dev/hardware/stm32/libopencm3-examples/libopencm3/lib/libopencm3_stm32f1.a(vector.o)
can_sce_isr                                       /home/wiffel/dev/hardware/stm32/libopencm3-examples/libopencm3/lib/libopencm3_stm32f1.a(vector.o)
debug_monitor_handler                             /home/wiffel/dev/hardware/stm32/libopencm3-examples/libopencm3/lib/libopencm3_stm32f1.a(vector.o)
dma1_channel1_isr                                 /home/wiffel/dev/hardware/stm32/libopencm3-examples/libopencm3/lib/libopencm3_stm32f1.a(vector.o)
dma1_channel2_isr                                 /home/wiffel/dev/hardware/stm32/libopencm3-examples/libopencm3/lib/libopencm3_stm32f1.a(vector.o)
dma1_channel3_isr                                 /home/wiffel/dev/hardware/stm32/libopencm3-examples/libopencm3/lib/libopencm3_stm32f1.a(vector.o)
dma1_channel4_isr                                 /home/wiffel/dev/hardware/stm32/libopencm3-examples/libopencm3/lib/libopencm3_stm32f1.a(vector.o)
dma1_channel5_isr                                 /home/wiffel/dev/hardware/stm32/libopencm3-examples/libopencm3/lib/libopencm3_stm32f1.a(vector.o)
dma1_channel6_isr                                 /home/wiffel/dev/hardware/stm32/libopencm3-examples/libopencm3/lib/libopencm3_stm32f1.a(vector.o)
dma1_channel7_isr                                 /home/wiffel/dev/hardware/stm32/libopencm3-examples/libopencm3/lib/libopencm3_stm32f1.a(vector.o)
dma2_channel1_isr                                 /home/wiffel/dev/hardware/stm32/libopencm3-examples/libopencm3/lib/libopencm3_stm32f1.a(vector.o)
dma2_channel2_isr                                 /home/wiffel/dev/hardware/stm32/libopencm3-examples/libopencm3/lib/libopencm3_stm32f1.a(vector.o)
dma2_channel3_isr                                 /home/wiffel/dev/hardware/stm32/libopencm3-examples/libopencm3/lib/libopencm3_stm32f1.a(vector.o)
dma2_channel4_5_isr                               /home/wiffel/dev/hardware/stm32/libopencm3-examples/libopencm3/lib/libopencm3_stm32f1.a(vector.o)
dma2_channel5_isr                                 /home/wiffel/dev/hardware/stm32/libopencm3-examples/libopencm3/lib/libopencm3_stm32f1.a(vector.o)
eth_isr                                           /home/wiffel/dev/hardware/stm32/libopencm3-examples/libopencm3/lib/libopencm3_stm32f1.a(vector.o)
eth_wkup_isr                                      /home/wiffel/dev/hardware/stm32/libopencm3-examples/libopencm3/lib/libopencm3_stm32f1.a(vector.o)
exti0_isr                                         /home/wiffel/dev/hardware/stm32/libopencm3-examples/libopencm3/lib/libopencm3_stm32f1.a(vector.o)
exti15_10_isr                                     /home/wiffel/dev/hardware/stm32/libopencm3-examples/libopencm3/lib/libopencm3_stm32f1.a(vector.o)
exti1_isr                                         /home/wiffel/dev/hardware/stm32/libopencm3-examples/libopencm3/lib/libopencm3_stm32f1.a(vector.o)
exti2_isr                                         /home/wiffel/dev/hardware/stm32/libopencm3-examples/libopencm3/lib/libopencm3_stm32f1.a(vector.o)
exti3_isr                                         /home/wiffel/dev/hardware/stm32/libopencm3-examples/libopencm3/lib/libopencm3_stm32f1.a(vector.o)
exti4_isr                                         /home/wiffel/dev/hardware/stm32/libopencm3-examples/libopencm3/lib/libopencm3_stm32f1.a(vector.o)
exti9_5_isr                                       /home/wiffel/dev/hardware/stm32/libopencm3-examples/libopencm3/lib/libopencm3_stm32f1.a(vector.o)
flash_isr                                         /home/wiffel/dev/hardware/stm32/libopencm3-examples/libopencm3/lib/libopencm3_stm32f1.a(vector.o)
fsmc_isr                                          /home/wiffel/dev/hardware/stm32/libopencm3-examples/libopencm3/lib/libopencm3_stm32f1.a(vector.o)
gpio_clear                                        /home/wiffel/dev/hardware/stm32/libopencm3-examples/libopencm3/lib/libopencm3_stm32f1.a(gpio_common_all.o)
gpio_get                                          /home/wiffel/dev/hardware/stm32/libopencm3-examples/libopencm3/lib/libopencm3_stm32f1.a(gpio_common_all.o)
gpio_port_config_lock                             /home/wiffel/dev/hardware/stm32/libopencm3-examples/libopencm3/lib/libopencm3_stm32f1.a(gpio_common_all.o)
gpio_port_read                                    /home/wiffel/dev/hardware/stm32/libopencm3-examples/libopencm3/lib/libopencm3_stm32f1.a(gpio_common_all.o)
gpio_port_write                                   /home/wiffel/dev/hardware/stm32/libopencm3-examples/libopencm3/lib/libopencm3_stm32f1.a(gpio_common_all.o)
gpio_primary_remap                                /home/wiffel/dev/hardware/stm32/libopencm3-examples/libopencm3/lib/libopencm3_stm32f1.a(gpio.o)
gpio_secondary_remap                              /home/wiffel/dev/hardware/stm32/libopencm3-examples/libopencm3/lib/libopencm3_stm32f1.a(gpio.o)
gpio_set                                          /home/wiffel/dev/hardware/stm32/libopencm3-examples/libopencm3/lib/libopencm3_stm32f1.a(gpio_common_all.o)
gpio_set_eventout                                 /home/wiffel/dev/hardware/stm32/libopencm3-examples/libopencm3/lib/libopencm3_stm32f1.a(gpio.o)
gpio_set_mode                                     /home/wiffel/dev/hardware/stm32/libopencm3-examples/libopencm3/lib/libopencm3_stm32f1.a(gpio.o)
                                                  miniblink.o
gpio_toggle                                       /home/wiffel/dev/hardware/stm32/libopencm3-examples/libopencm3/lib/libopencm3_stm32f1.a(gpio_common_all.o)
                                                  miniblink.o
hard_fault_handler                                /home/wiffel/dev/hardware/stm32/libopencm3-examples/libopencm3/lib/libopencm3_stm32f1.a(vector.o)
i2c1_er_isr                                       /home/wiffel/dev/hardware/stm32/libopencm3-examples/libopencm3/lib/libopencm3_stm32f1.a(vector.o)
i2c1_ev_isr                                       /home/wiffel/dev/hardware/stm32/libopencm3-examples/libopencm3/lib/libopencm3_stm32f1.a(vector.o)
i2c2_er_isr                                       /home/wiffel/dev/hardware/stm32/libopencm3-examples/libopencm3/lib/libopencm3_stm32f1.a(vector.o)
i2c2_ev_isr                                       /home/wiffel/dev/hardware/stm32/libopencm3-examples/libopencm3/lib/libopencm3_stm32f1.a(vector.o)
main                                              miniblink.o
                                                  /home/wiffel/dev/hardware/stm32/libopencm3-examples/libopencm3/lib/libopencm3_stm32f1.a(vector.o)
mem_manage_handler                                /home/wiffel/dev/hardware/stm32/libopencm3-examples/libopencm3/lib/libopencm3_stm32f1.a(vector.o)
nmi_handler                                       /home/wiffel/dev/hardware/stm32/libopencm3-examples/libopencm3/lib/libopencm3_stm32f1.a(vector.o)
null_handler                                      /home/wiffel/dev/hardware/stm32/libopencm3-examples/libopencm3/lib/libopencm3_stm32f1.a(vector.o)
otg_fs_isr                                        /home/wiffel/dev/hardware/stm32/libopencm3-examples/libopencm3/lib/libopencm3_stm32f1.a(vector.o)
pend_sv_handler                                   /home/wiffel/dev/hardware/stm32/libopencm3-examples/libopencm3/lib/libopencm3_stm32f1.a(vector.o)
pvd_isr                                           /home/wiffel/dev/hardware/stm32/libopencm3-examples/libopencm3/lib/libopencm3_stm32f1.a(vector.o)
rcc_isr                                           /home/wiffel/dev/hardware/stm32/libopencm3-examples/libopencm3/lib/libopencm3_stm32f1.a(vector.o)
rcc_osc_bypass_disable                            /home/wiffel/dev/hardware/stm32/libopencm3-examples/libopencm3/lib/libopencm3_stm32f1.a(rcc_common_all.o)
rcc_osc_bypass_enable                             /home/wiffel/dev/hardware/stm32/libopencm3-examples/libopencm3/lib/libopencm3_stm32f1.a(rcc_common_all.o)
rcc_periph_clock_disable                          /home/wiffel/dev/hardware/stm32/libopencm3-examples/libopencm3/lib/libopencm3_stm32f1.a(rcc_common_all.o)
rcc_periph_clock_enable                           /home/wiffel/dev/hardware/stm32/libopencm3-examples/libopencm3/lib/libopencm3_stm32f1.a(rcc_common_all.o)
                                                  miniblink.o
rcc_periph_reset_hold                             /home/wiffel/dev/hardware/stm32/libopencm3-examples/libopencm3/lib/libopencm3_stm32f1.a(rcc_common_all.o)
rcc_periph_reset_pulse                            /home/wiffel/dev/hardware/stm32/libopencm3-examples/libopencm3/lib/libopencm3_stm32f1.a(rcc_common_all.o)
rcc_periph_reset_release                          /home/wiffel/dev/hardware/stm32/libopencm3-examples/libopencm3/lib/libopencm3_stm32f1.a(rcc_common_all.o)
rcc_peripheral_clear_reset                        /home/wiffel/dev/hardware/stm32/libopencm3-examples/libopencm3/lib/libopencm3_stm32f1.a(rcc_common_all.o)
rcc_peripheral_disable_clock                      /home/wiffel/dev/hardware/stm32/libopencm3-examples/libopencm3/lib/libopencm3_stm32f1.a(rcc_common_all.o)
rcc_peripheral_enable_clock                       /home/wiffel/dev/hardware/stm32/libopencm3-examples/libopencm3/lib/libopencm3_stm32f1.a(rcc_common_all.o)
rcc_peripheral_reset                              /home/wiffel/dev/hardware/stm32/libopencm3-examples/libopencm3/lib/libopencm3_stm32f1.a(rcc_common_all.o)
rcc_set_mco                                       /home/wiffel/dev/hardware/stm32/libopencm3-examples/libopencm3/lib/libopencm3_stm32f1.a(rcc_common_all.o)
reset_handler                                     /home/wiffel/dev/hardware/stm32/libopencm3-examples/libopencm3/lib/libopencm3_stm32f1.a(vector.o)
rtc_alarm_isr                                     /home/wiffel/dev/hardware/stm32/libopencm3-examples/libopencm3/lib/libopencm3_stm32f1.a(vector.o)
rtc_isr                                           /home/wiffel/dev/hardware/stm32/libopencm3-examples/libopencm3/lib/libopencm3_stm32f1.a(vector.o)
sdio_isr                                          /home/wiffel/dev/hardware/stm32/libopencm3-examples/libopencm3/lib/libopencm3_stm32f1.a(vector.o)
spi1_isr                                          /home/wiffel/dev/hardware/stm32/libopencm3-examples/libopencm3/lib/libopencm3_stm32f1.a(vector.o)
spi2_isr                                          /home/wiffel/dev/hardware/stm32/libopencm3-examples/libopencm3/lib/libopencm3_stm32f1.a(vector.o)
spi3_isr                                          /home/wiffel/dev/hardware/stm32/libopencm3-examples/libopencm3/lib/libopencm3_stm32f1.a(vector.o)
sv_call_handler                                   /home/wiffel/dev/hardware/stm32/libopencm3-examples/libopencm3/lib/libopencm3_stm32f1.a(vector.o)
sys_tick_handler                                  /home/wiffel/dev/hardware/stm32/libopencm3-examples/libopencm3/lib/libopencm3_stm32f1.a(vector.o)
tamper_isr                                        /home/wiffel/dev/hardware/stm32/libopencm3-examples/libopencm3/lib/libopencm3_stm32f1.a(vector.o)
tim1_brk_isr                                      /home/wiffel/dev/hardware/stm32/libopencm3-examples/libopencm3/lib/libopencm3_stm32f1.a(vector.o)
tim1_cc_isr                                       /home/wiffel/dev/hardware/stm32/libopencm3-examples/libopencm3/lib/libopencm3_stm32f1.a(vector.o)
tim1_trg_com_isr                                  /home/wiffel/dev/hardware/stm32/libopencm3-examples/libopencm3/lib/libopencm3_stm32f1.a(vector.o)
tim1_up_isr                                       /home/wiffel/dev/hardware/stm32/libopencm3-examples/libopencm3/lib/libopencm3_stm32f1.a(vector.o)
tim2_isr                                          /home/wiffel/dev/hardware/stm32/libopencm3-examples/libopencm3/lib/libopencm3_stm32f1.a(vector.o)
tim3_isr                                          /home/wiffel/dev/hardware/stm32/libopencm3-examples/libopencm3/lib/libopencm3_stm32f1.a(vector.o)
tim4_isr                                          /home/wiffel/dev/hardware/stm32/libopencm3-examples/libopencm3/lib/libopencm3_stm32f1.a(vector.o)
tim5_isr                                          /home/wiffel/dev/hardware/stm32/libopencm3-examples/libopencm3/lib/libopencm3_stm32f1.a(vector.o)
tim6_isr                                          /home/wiffel/dev/hardware/stm32/libopencm3-examples/libopencm3/lib/libopencm3_stm32f1.a(vector.o)
tim7_isr                                          /home/wiffel/dev/hardware/stm32/libopencm3-examples/libopencm3/lib/libopencm3_stm32f1.a(vector.o)
tim8_brk_isr                                      /home/wiffel/dev/hardware/stm32/libopencm3-examples/libopencm3/lib/libopencm3_stm32f1.a(vector.o)
tim8_cc_isr                                       /home/wiffel/dev/hardware/stm32/libopencm3-examples/libopencm3/lib/libopencm3_stm32f1.a(vector.o)
tim8_trg_com_isr                                  /home/wiffel/dev/hardware/stm32/libopencm3-examples/libopencm3/lib/libopencm3_stm32f1.a(vector.o)
tim8_up_isr                                       /home/wiffel/dev/hardware/stm32/libopencm3-examples/libopencm3/lib/libopencm3_stm32f1.a(vector.o)
uart4_isr                                         /home/wiffel/dev/hardware/stm32/libopencm3-examples/libopencm3/lib/libopencm3_stm32f1.a(vector.o)
uart5_isr                                         /home/wiffel/dev/hardware/stm32/libopencm3-examples/libopencm3/lib/libopencm3_stm32f1.a(vector.o)
usage_fault_handler                               /home/wiffel/dev/hardware/stm32/libopencm3-examples/libopencm3/lib/libopencm3_stm32f1.a(vector.o)
usart1_isr                                        /home/wiffel/dev/hardware/stm32/libopencm3-examples/libopencm3/lib/libopencm3_stm32f1.a(vector.o)
usart2_isr                                        /home/wiffel/dev/hardware/stm32/libopencm3-examples/libopencm3/lib/libopencm3_stm32f1.a(vector.o)
usart3_isr                                        /home/wiffel/dev/hardware/stm32/libopencm3-examples/libopencm3/lib/libopencm3_stm32f1.a(vector.o)
usb_hp_can_tx_isr                                 /home/wiffel/dev/hardware/stm32/libopencm3-examples/libopencm3/lib/libopencm3_stm32f1.a(vector.o)
usb_lp_can_rx0_isr                                /home/wiffel/dev/hardware/stm32/libopencm3-examples/libopencm3/lib/libopencm3_stm32f1.a(vector.o)
usb_wakeup_isr                                    /home/wiffel/dev/hardware/stm32/libopencm3-examples/libopencm3/lib/libopencm3_stm32f1.a(vector.o)
vector_table                                      /home/wiffel/dev/hardware/stm32/libopencm3-examples/libopencm3/lib/libopencm3_stm32f1.a(vector.o)
wwdg_isr                                          /home/wiffel/dev/hardware/stm32/libopencm3-examples/libopencm3/lib/libopencm3_stm32f1.a(vector.o)
